Component: ARM Compiler 5.05 update 2 (build 169) Tool: armlink [4d0f33]

==============================================================================

Section Cross References

    judge.o(.text) refers to crc.o(.text) for Verify_CRC8_Check_Sum
    judge.o(.text) refers to rt_memcpy_v6.o(.text) for __aeabi_memcpy
    judge.o(.text) refers to judge.o(.bss) for Judge_Info
    vision.o(.text) refers to crc.o(.text) for Verify_CRC8_Check_Sum
    vision.o(.text) refers to rt_memcpy_v6.o(.text) for __aeabi_memcpy
    vision.o(.text) refers to tasks.o(.text) for xTaskGetTickCount
    vision.o(.text) refers to uart4.o(.text) for UART4_sendChar
    vision.o(.text) refers to rt_memclr_w.o(.text) for __aeabi_memclr4
    vision.o(.text) refers to kalman.o(.text) for KalmanCreate
    vision.o(.text) refers to vision.o(.data) for Vision
    vision.o(.text) refers to task_gimbal.o(.data) for yaw
    vision.o(.text) refers to vision.o(.bss) for Vision_Tx_Buffer
    vision.o(.text) refers to remote.o(.data) for RC_Ctl_Info
    vision.o(.text) refers to rt_memclr.o(.text) for __aeabi_memclr
    vision.o(.text) refers to judge.o(.bss) for Judge_Info
    vision.o(.text) refers to friction.o(.data) for Friction
    vision.o(.text) refers to can.o(.bss) for g_Gimbal_Motor_Info
    vision.o(.text) refers to scheduler.o(.bss) for Flag
    main.o(.text) refers to init.o(.text) for All_Init
    remote.o(.text) refers to stm32f4xx_rcc.o(.text) for RCC_AHB1PeriphClockCmd
    remote.o(.text) refers to stm32f4xx_gpio.o(.text) for GPIO_PinAFConfig
    remote.o(.text) refers to stm32f4xx_usart.o(.text) for USART_Init
    remote.o(.text) refers to stm32f4xx_dma.o(.text) for DMA_DeInit
    remote.o(.text) refers to exti.o(.text) for NVICx_init
    remote.o(.text) refers to remote.o(.bss) for sbus_rx_buffer
    remote.o(.text) refers to scheduler.o(.bss) for Flag
    remote.o(.text) refers to scheduler.o(.data) for Cnt
    remote.o(.text) refers to remote.o(.data) for sbus_rx_len
    remote.o(.text) refers to task_gimbal.o(.text) for GIMBAL_rcMech_To_keyGyro
    friction.o(.text) refers to pwm.o(.text) for FRICTION_pwmOut
    friction.o(.text) refers to task_gimbal.o(.text) for GIMBAL_ifAimSentry
    friction.o(.text) refers to friction.o(.data) for Friction_Pwm_Output
    friction.o(.text) refers to scheduler.o(.data) for BitMask
    friction.o(.text) refers to remote.o(.data) for RC_Ctl_Info
    friction.o(.text) refers to scheduler.o(.bss) for Flag
    magzine.o(.text) refers to pwm.o(.text) for MAGZINE_pwmOut
    magzine.o(.text) refers to magzine.o(.data) for Magzine
    magzine.o(.text) refers to remote.o(.data) for RC_Ctl_Info
    magzine.o(.text) refers to scheduler.o(.bss) for Flag
    crc.o(.text) refers to crc.o(.constdata) for CRC8_TAB
    crc.o(.text) refers to crc.o(.data) for CRC_INIT
    kalman_filter.o(.text) refers to arm_mat_init_f32.o(.text) for arm_mat_init_f32
    kalman_filter.o(.text) refers to arm_mat_trans_f32.o(.text) for arm_mat_trans_f32
    kalman_filter.o(.text) refers to arm_mat_mult_f32.o(.text) for arm_mat_mult_f32
    kalman_filter.o(.text) refers to arm_mat_add_f32.o(.text) for arm_mat_add_f32
    kalman_filter.o(.text) refers to arm_mat_inverse_f32.o(.text) for arm_mat_inverse_f32
    kalman_filter.o(.text) refers to arm_mat_sub_f32.o(.text) for arm_mat_sub_f32
    kalman_filter.o(.text) refers to kalman_filter.o(.data) for matrix_value1
    led.o(.text) refers to stm32f4xx_rcc.o(.text) for RCC_AHB1PeriphClockCmd
    led.o(.text) refers to stm32f4xx_gpio.o(.text) for GPIO_Init
    exti.o(.text) refers to misc.o(.text) for NVIC_Init
    exti.o(.text) refers to exti.o(.data) for EXTI_DefaultParams
    init.o(.text) refers to stm32f4xx_rcc.o(.text) for RCC_GetClocksFreq
    init.o(.text) refers to misc.o(.text) for NVIC_PriorityGroupConfig
    init.o(.text) refers to delay.o(.text) for Delay_init
    init.o(.text) refers to led.o(.text) for LED_init
    init.o(.text) refers to laser.o(.text) for LASER_init
    init.o(.text) refers to remote.o(.text) for REMOTE_init
    init.o(.text) refers to uart4.o(.text) for UART4_init
    init.o(.text) refers to uart5.o(.text) for UART5_init
    init.o(.text) refers to can.o(.text) for CAN1_init
    init.o(.text) refers to pwm.o(.text) for TIM1_init
    init.o(.text) refers to mpu6050.o(.text) for MPU_Init
    init.o(.text) refers to tasks.o(.text) for xTaskGetTickCount
    init.o(.text) refers to inv_mpu.o(.text) for mpu_dmp_init
    init.o(.text) refers to init.o(.data) for ulCurrentTime
    init.o(.text) refers to scheduler.o(.text) for start_task
    can.o(.text) refers to stm32f4xx_rcc.o(.text) for RCC_AHB1PeriphClockCmd
    can.o(.text) refers to stm32f4xx_gpio.o(.text) for GPIO_Init
    can.o(.text) refers to exti.o(.text) for NVICx_init
    can.o(.text) refers to stm32f4xx_can.o(.text) for CAN_Init
    can.o(.text) refers to can.o(.data) for CAN_DefaultParams
    can.o(.text) refers to can.o(.bss) for g_Chassis_Motor_Info
[...]
    OTG_FS_WKUP_IRQHandler                   0x080042a7   Thumb Code     0  startup_stm32f40xx.o(.text)
    OTG_HS_EP1_IN_IRQHandler                 0x080042a7   Thumb Code     0  startup_stm32f40xx.o(.text)
    OTG_HS_EP1_OUT_IRQHandler                0x080042a7   Thumb Code     0  startup_stm32f40xx.o(.text)
    OTG_HS_IRQHandler                        0x080042a7   Thumb Code     0  startup_stm32f40xx.o(.text)
    OTG_HS_WKUP_IRQHandler                   0x080042a7   Thumb Code     0  startup_stm32f40xx.o(.text)
    PVD_IRQHandler                           0x080042a7   Thumb Code     0  startup_stm32f40xx.o(.text)
    RCC_IRQHandler                           0x080042a7   Thumb Code     0  startup_stm32f40xx.o(.text)
    RTC_Alarm_IRQHandler                     0x080042a7   Thumb Code     0  startup_stm32f40xx.o(.text)
    RTC_WKUP_IRQHandler                      0x080042a7   Thumb Code     0  startup_stm32f40xx.o(.text)
    SDIO_IRQHandler                          0x080042a7   Thumb Code     0  startup_stm32f40xx.o(.text)
    SPI1_IRQHandler                          0x080042a7   Thumb Code     0  startup_stm32f40xx.o(.text)
    SPI2_IRQHandler                          0x080042a7   Thumb Code     0  startup_stm32f40xx.o(.text)
    SPI3_IRQHandler                          0x080042a7   Thumb Code     0  startup_stm32f40xx.o(.text)
    TAMP_STAMP_IRQHandler                    0x080042a7   Thumb Code     0  startup_stm32f40xx.o(.text)
    TIM1_BRK_TIM9_IRQHandler                 0x080042a7   Thumb Code     0  startup_stm32f40xx.o(.text)
    TIM1_CC_IRQHandler                       0x080042a7   Thumb Code     0  startup_stm32f40xx.o(.text)
    TIM1_TRG_COM_TIM11_IRQHandler            0x080042a7   Thumb Code     0  startup_stm32f40xx.o(.text)
    TIM1_UP_TIM10_IRQHandler                 0x080042a7   Thumb Code     0  startup_stm32f40xx.o(.text)
    TIM2_IRQHandler                          0x080042a7   Thumb Code     0  startup_stm32f40xx.o(.text)
    TIM3_IRQHandler                          0x080042a7   Thumb Code     0  startup_stm32f40xx.o(.text)
    TIM4_IRQHandler                          0x080042a7   Thumb Code     0  startup_stm32f40xx.o(.text)
    TIM5_IRQHandler                          0x080042a7   Thumb Code     0  startup_stm32f40xx.o(.text)
    TIM6_DAC_IRQHandler                      0x080042a7   Thumb Code     0  startup_stm32f40xx.o(.text)
    TIM7_IRQHandler                          0x080042a7   Thumb Code     0  startup_stm32f40xx.o(.text)
    TIM8_BRK_TIM12_IRQHandler                0x080042a7   Thumb Code     0  startup_stm32f40xx.o(.text)
    TIM8_CC_IRQHandler                       0x080042a7   Thumb Code     0  startup_stm32f40xx.o(.text)
    TIM8_TRG_COM_TIM14_IRQHandler            0x080042a7   Thumb Code     0  startup_stm32f40xx.o(.text)
    TIM8_UP_TIM13_IRQHandler                 0x080042a7   Thumb Code     0  startup_stm32f40xx.o(.text)
    USART1_IRQHandler                        0x080042a7   Thumb Code     0  startup_stm32f40xx.o(.text)
    USART3_IRQHandler                        0x080042a7   Thumb Code     0  startup_stm32f40xx.o(.text)
    USART6_IRQHandler                        0x080042a7   Thumb Code     0  startup_stm32f40xx.o(.text)
    WWDG_IRQHandler                          0x080042a7   Thumb Code     0  startup_stm32f40xx.o(.text)
    __user_initial_stackheap                 0x080042a9   Thumb Code     0  startup_stm32f40xx.o(.text)
    SystemInit                               0x080043a9   Thumb Code    88  system_stm32f4xx.o(.text)
    SystemCoreClockUpdate                    0x08004401   Thumb Code   174  system_stm32f4xx.o(.text)
    CAN_DeInit                               0x080044dd   Thumb Code    50  stm32f4xx_can.o(.text)
    CAN_Init                                 0x0800450f   Thumb Code   276  stm32f4xx_can.o(.text)
    CAN_FilterInit                           0x08004623   Thumb Code   258  stm32f4xx_can.o(.text)
    CAN_StructInit                           0x08004725   Thumb Code    32  stm32f4xx_can.o(.text)
    CAN_SlaveStartBank                       0x08004745   Thumb Code    48  stm32f4xx_can.o(.text)
    CAN_DBGFreeze                            0x08004775   Thumb Code    22  stm32f4xx_can.o(.text)
    CAN_TTComModeCmd                         0x0800478b   Thumb Code   118  stm32f4xx_can.o(.text)
    CAN_Transmit                             0x08004801   Thumb Code   304  stm32f4xx_can.o(.text)
    CAN_TransmitStatus                       0x08004931   Thumb Code   138  stm32f4xx_can.o(.text)
    CAN_CancelTransmit                       0x080049bb   Thumb Code    48  stm32f4xx_can.o(.text)
    CAN_Receive                              0x080049eb   Thumb Code   240  stm32f4xx_can.o(.text)
    CAN_FIFORelease                          0x08004adb   Thumb Code    22  stm32f4xx_can.o(.text)
    CAN_MessagePending                       0x08004af1   Thumb Code    30  stm32f4xx_can.o(.text)
    CAN_OperatingModeRequest                 0x08004b0f   Thumb Code   162  stm32f4xx_can.o(.text)
    CAN_Sleep                                0x08004bb1   Thumb Code    30  stm32f4xx_can.o(.text)
    CAN_WakeUp                               0x08004bcf   Thumb Code    48  stm32f4xx_can.o(.text)
    CAN_GetLastErrorCode                     0x08004bff   Thumb Code    12  stm32f4xx_can.o(.text)
    CAN_GetReceiveErrorCounter               0x08004c0b   Thumb Code    10  stm32f4xx_can.o(.text)
    CAN_GetLSBTransmitErrorCounter           0x08004c15   Thumb Code    12  stm32f4xx_can.o(.text)
    CAN_ITConfig                             0x08004c21   Thumb Code    18  stm32f4xx_can.o(.text)
    CAN_GetFlagStatus                        0x08004c33   Thumb Code   120  stm32f4xx_can.o(.text)
    CAN_ClearFlag                            0x08004cab   Thumb Code    52  stm32f4xx_can.o(.text)
    CAN_GetITStatus                          0x08004cf1   Thumb Code   310  stm32f4xx_can.o(.text)
    CAN_ClearITPendingBit                    0x08004e27   Thumb Code   162  stm32f4xx_can.o(.text)
    DMA_DeInit                               0x08004ecd   Thumb Code   324  stm32f4xx_dma.o(.text)
    DMA_Init                                 0x08005011   Thumb Code    82  stm32f4xx_dma.o(.text)
    DMA_StructInit                           0x08005063   Thumb Code    34  stm32f4xx_dma.o(.text)
    DMA_Cmd                                  0x08005085   Thumb Code    22  stm32f4xx_dma.o(.text)
    DMA_PeriphIncOffsetSizeConfig            0x0800509b   Thumb Code    22  stm32f4xx_dma.o(.text)
    DMA_FlowControllerConfig                 0x080050b1   Thumb Code    22  stm32f4xx_dma.o(.text)
    DMA_SetCurrDataCounter                   0x080050c7   Thumb Code     4  stm32f4xx_dma.o(.text)
    DMA_GetCurrDataCounter                   0x080050cb   Thumb Code     8  stm32f4xx_dma.o(.text)
    DMA_DoubleBufferModeConfig               0x080050d3   Thumb Code    24  stm32f4xx_dma.o(.text)
    DMA_DoubleBufferModeCmd                  0x080050eb   Thumb Code    22  stm32f4xx_dma.o(.text)
    DMA_MemoryTargetConfig                   0x08005101   Thumb Code    10  stm32f4xx_dma.o(.text)
    DMA_GetCurrentMemoryTarget               0x0800510b   Thumb Code    20  stm32f4xx_dma.o(.text)
    DMA_GetCmdStatus                         0x0800511f   Thumb Code    20  stm32f4xx_dma.o(.text)
    DMA_GetFIFOStatus                        0x08005133   Thumb Code    12  stm32f4xx_dma.o(.text)
    DMA_GetFlagStatus                        0x0800513f   Thumb Code    56  stm32f4xx_dma.o(.text)
    DMA_ClearFlag                            0x08005177   Thumb Code    40  stm32f4xx_dma.o(.text)
    DMA_ITConfig                             0x0800519f   Thumb Code    58  stm32f4xx_dma.o(.text)
    DMA_GetITStatus                          0x080051d9   Thumb Code    84  stm32f4xx_dma.o(.text)
    DMA_ClearITPendingBit                    0x0800522d   Thumb Code    40  stm32f4xx_dma.o(.text)
    RAMP_float                               0x08005275   Thumb Code   102  sys.o(.text)
    Bubble_sort_float                        0x080052db   Thumb Code   130  sys.o(.text)
    Median_filter_float                      0x0800535d   Thumb Code   426  sys.o(.text)
    remote_task                              0x0800550d   Thumb Code    14  scheduler.o(.text)
    gimbal_task                              0x0800551b   Thumb Code    56  scheduler.o(.text)
    chassis_task                             0x08005553   Thumb Code    64  scheduler.o(.text)
    system_state_task                        0x08005593   Thumb Code   102  scheduler.o(.text)
    start_task                               0x080055f9   Thumb Code   114  scheduler.o(.text)
    revolver_task                            0x0800566b   Thumb Code    60  scheduler.o(.text)
    friction_task                            0x080056a7   Thumb Code    50  scheduler.o(.text)
    vision_task                              0x080056d9   Thumb Code    18  scheduler.o(.text)
    SysTick_Handler                          0x08005751   Thumb Code    26  delay.o(.text)
    Delay_init                               0x0800576b   Thumb Code    58  delay.o(.text)
    delay_us                                 0x080057a5   Thumb Code    68  delay.o(.text)
    delay_ms                                 0x080057e9   Thumb Code    60  delay.o(.text)
    delay_xms                                0x08005825   Thumb Code    24  delay.o(.text)
    _sys_exit                                0x08005849   Thumb Code     4  usart.o(.text)
    fputc                                    0x0800584d   Thumb Code     2  usart.o(.text)
    vListInitialise                          0x0800584f   Thumb Code    26  list.o(.text)
    vListInitialiseItem                      0x08005869   Thumb Code     6  list.o(.text)
    vListInsertEnd                           0x0800586f   Thumb Code    24  list.o(.text)
    vListInsert                              0x08005887   Thumb Code    52  list.o(.text)
    uxListRemove                             0x080058bb   Thumb Code    40  list.o(.text)
    xQueueGenericReset                       0x080058e5   Thumb Code   146  queue.o(.text)
    xQueueGenericCreate                      0x080059a1   Thumb Code    90  queue.o(.text)
    xQueueGenericSend                        0x08005b15   Thumb Code   420  queue.o(.text)
    xQueueCreateMutex                        0x08005cd7   Thumb Code    34  queue.o(.text)
    xQueueGiveMutexRecursive                 0x08005cf9   Thumb Code    78  queue.o(.text)
    xQueueSemaphoreTake                      0x08005d75   Thumb Code   434  queue.o(.text)
    xQueueTakeMutexRecursive                 0x08005f27   Thumb Code    78  queue.o(.text)
    xQueueCreateCountingSemaphore            0x08005f75   Thumb Code    92  queue.o(.text)
    xQueueGenericSendFromISR                 0x08005fd1   Thumb Code   248  queue.o(.text)
    xQueueGiveFromISR                        0x080060c9   Thumb Code   224  queue.o(.text)
    xQueueReceive                            0x080061d3   Thumb Code   362  queue.o(.text)
    xQueuePeek                               0x0800633d   Thumb Code   362  queue.o(.text)
    xQueueReceiveFromISR                     0x080064a7   Thumb Code   202  queue.o(.text)
    xQueuePeekFromISR                        0x08006571   Thumb Code   176  queue.o(.text)
    uxQueueMessagesWaiting                   0x08006621   Thumb Code    42  queue.o(.text)
    uxQueueSpacesAvailable                   0x0800664b   Thumb Code    52  queue.o(.text)
    uxQueueMessagesWaitingFromISR            0x0800667f   Thumb Code    34  queue.o(.text)
    vQueueUnregisterQueue                    0x080066a1   Thumb Code    44  queue.o(.text)
    vQueueDelete                             0x080066cd   Thumb Code    44  queue.o(.text)
    uxQueueGetQueueNumber                    0x080066f9   Thumb Code     6  queue.o(.text)
    vQueueSetQueueNumber                     0x080066ff   Thumb Code     4  queue.o(.text)
    ucQueueGetQueueType                      0x08006703   Thumb Code     8  queue.o(.text)
    xQueueIsQueueEmptyFromISR                0x0800670b   Thumb Code    42  queue.o(.text)
    xQueueIsQueueFullFromISR                 0x08006735   Thumb Code    46  queue.o(.text)
    vQueueAddToRegistry                      0x08006763   Thumb Code    38  queue.o(.text)
    pcQueueGetName                           0x08006789   Thumb Code    38  queue.o(.text)
    vQueueWaitForMessageRestricted           0x080067af   Thumb Code    74  queue.o(.text)
    xTaskCreate                              0x0800699d   Thumb Code    96  tasks.o(.text)
    vTaskDelete                              0x08006a39   Thumb Code   202  tasks.o(.text)
    xTaskIncrementTick                       0x08006b03   Thumb Code   360  tasks.o(.text)
    xTaskResumeAll                           0x08006c6b   Thumb Code   224  tasks.o(.text)
    vTaskSuspendAll                          0x08006dc7   Thumb Code    12  tasks.o(.text)
    vTaskDelayUntil                          0x08006dd3   Thumb Code   200  tasks.o(.text)
    vTaskDelay                               0x08006e9b   Thumb Code    82  tasks.o(.text)
    eTaskGetState                            0x08006eed   Thumb Code   128  tasks.o(.text)
    uxTaskPriorityGet                        0x08006f6d   Thumb Code    30  tasks.o(.text)
    uxTaskPriorityGetFromISR                 0x08006f8b   Thumb Code    62  tasks.o(.text)
    vTaskPrioritySet                         0x08006fc9   Thumb Code   324  tasks.o(.text)
    vTaskSwitchContext                       0x0800710d   Thumb Code   118  tasks.o(.text)
    vTaskSuspend                             0x08007183   Thumb Code   210  tasks.o(.text)
    vTaskResume                              0x080072a5   Thumb Code   128  tasks.o(.text)
    xTaskResumeFromISR                       0x08007325   Thumb Code   158  tasks.o(.text)
    vTaskStartScheduler                      0x0800741f   Thumb Code   192  tasks.o(.text)
    vTaskEndScheduler                        0x080074df   Thumb Code    32  tasks.o(.text)
    xTaskGetTickCount                        0x080074ff   Thumb Code     6  tasks.o(.text)
    xTaskGetTickCountFromISR                 0x08007505   Thumb Code    16  tasks.o(.text)
    uxTaskGetNumberOfTasks                   0x08007515   Thumb Code     6  tasks.o(.text)
    pcTaskGetName                            0x0800751b   Thumb Code    44  tasks.o(.text)
    vTaskGetInfo                             0x0800755d   Thumb Code   126  tasks.o(.text)
    uxTaskGetSystemState                     0x08007645   Thumb Code   152  tasks.o(.text)
    vTaskPlaceOnEventList                    0x080076dd   Thumb Code    52  tasks.o(.text)
    vTaskPlaceOnUnorderedEventList           0x08007711   Thumb Code   100  tasks.o(.text)
    vTaskPlaceOnEventListRestricted          0x08007775   Thumb Code    60  tasks.o(.text)
    xTaskRemoveFromEventList                 0x080077b1   Thumb Code   128  tasks.o(.text)
    vTaskRemoveFromUnorderedEventList        0x08007831   Thumb Code   142  tasks.o(.text)
    vTaskSetTimeOutState                     0x080078bf   Thumb Code   104  tasks.o(.text)
    vTaskInternalSetTimeOutState             0x08007927   Thumb Code    14  tasks.o(.text)
    xTaskCheckForTimeOut                     0x08007935   Thumb Code   132  tasks.o(.text)
    vTaskMissedYield                         0x080079b9   Thumb Code     8  tasks.o(.text)
    uxTaskGetTaskNumber                      0x080079c1   Thumb Code    14  tasks.o(.text)
    vTaskSetTaskNumber                       0x080079cf   Thumb Code     8  tasks.o(.text)
    xTaskGetCurrentTaskHandle                0x080079d7   Thumb Code     6  tasks.o(.text)
    xTaskGetSchedulerState                   0x080079dd   Thumb Code    24  tasks.o(.text)
    xTaskPriorityInherit                     0x080079f5   Thumb Code   186  tasks.o(.text)
    xTaskPriorityDisinherit                  0x08007aaf   Thumb Code   188  tasks.o(.text)
    vTaskPriorityDisinheritAfterTimeout      0x08007b6b   Thumb Code   230  tasks.o(.text)
    uxTaskResetEventItemValue                0x08007c51   Thumb Code    24  tasks.o(.text)
    pvTaskIncrementMutexHeldCount            0x08007c69   Thumb Code    26  tasks.o(.text)
    ulTaskNotifyTake                         0x08007c83   Thumb Code   108  tasks.o(.text)
    xTaskNotifyWait                          0x08007cef   Thumb Code   188  tasks.o(.text)
    xTaskGenericNotify                       0x08007dab   Thumb Code   280  tasks.o(.text)
    xTaskGenericNotifyFromISR                0x08007ec3   Thumb Code   334  tasks.o(.text)
    vTaskNotifyGiveFromISR                   0x08008011   Thumb Code   214  tasks.o(.text)
    xTaskNotifyStateClear                    0x080080e7   Thumb Code    48  tasks.o(.text)
    xTimerGenericCommand                     0x08008185   Thumb Code   126  timers.o(.text)
    xTimerCreateTimerTask                    0x08008579   Thumb Code    66  timers.o(.text)
    xTimerCreate                             0x08008615   Thumb Code    54  timers.o(.text)
    xTimerGetTimerDaemonTaskHandle           0x0800864b   Thumb Code    42  timers.o(.text)
    xTimerGetPeriod                          0x08008675   Thumb Code    32  timers.o(.text)
    vTimerSetReloadMode                      0x08008695   Thumb Code    70  timers.o(.text)
    xTimerGetExpiryTime                      0x080086db   Thumb Code    34  timers.o(.text)
    pcTimerGetName                           0x080086fd   Thumb Code    32  timers.o(.text)
    xTimerIsTimerActive                      0x0800871d   Thumb Code    58  timers.o(.text)
    pvTimerGetTimerID                        0x08008757   Thumb Code    44  timers.o(.text)
    vTimerSetTimerID                         0x08008783   Thumb Code    44  timers.o(.text)
    uxTimerGetTimerNumber                    0x080087af   Thumb Code     6  timers.o(.text)
    vTimerSetTimerNumber                     0x080087b5   Thumb Code     4  timers.o(.text)
    pvPortMalloc                             0x0800888f   Thumb Code   296  heap_4.o(.text)
    vPortFree                                0x080089b7   Thumb Code   140  heap_4.o(.text)
    xPortGetFreeHeapSize                     0x08008a43   Thumb Code     6  heap_4.o(.text)
    xPortGetMinimumEverFreeHeapSize          0x08008a49   Thumb Code     6  heap_4.o(.text)
    vPortInitialiseBlocks                    0x08008a4f   Thumb Code     2  heap_4.o(.text)
    pxPortInitialiseStack                    0x08008aa5   Thumb Code    38  port.o(.text)
    vPortSetupTimerInterrupt                 0x08008acb   Thumb Code    36  port.o(.text)
    xPortStartScheduler                      0x08008aef   Thumb Code   330  port.o(.text)
    vPortEndScheduler                        0x08008c39   Thumb Code    42  port.o(.text)
    vPortEnterCritical                       0x08008c63   Thumb Code    78  port.o(.text)
    vPortExitCritical                        0x08008cb1   Thumb Code    56  port.o(.text)
    xPortSysTickHandler                      0x08008ce9   Thumb Code    48  port.o(.text)
    vPortValidateInterruptPriority           0x08008d19   Thumb Code   108  port.o(.text)
    IIC_Init                                 0x08008da9   Thumb Code    60  myiic.o(.text)
    IIC_Start                                0x08008de5   Thumb Code    68  myiic.o(.text)
    IIC_Stop                                 0x08008e29   Thumb Code    62  myiic.o(.text)
    IIC_Wait_Ack                             0x08008e67   Thumb Code    82  myiic.o(.text)
    IIC_Ack                                  0x08008eb9   Thumb Code    66  myiic.o(.text)
    IIC_NAck                                 0x08008efb   Thumb Code    66  myiic.o(.text)
    IIC_Send_Byte                            0x08008f3d   Thumb Code    90  myiic.o(.text)
    IIC_Read_Byte                            0x08008f97   Thumb Code    94  myiic.o(.text)
    MPU_Write_Byte                           0x08009001   Thumb Code    68  mpu6050.o(.text)
    MPU_Set_LPF                              0x08009045   Thumb Code    58  mpu6050.o(.text)
    MPU_Set_Rate                             0x0800907f   Thumb Code    58  mpu6050.o(.text)
    MPU_Read_Byte                            0x080090b9   Thumb Code    58  mpu6050.o(.text)
    MPU_Set_Accel_Fsr                        0x080090f3   Thumb Code    16  mpu6050.o(.text)
    MPU_Set_Gyro_Fsr                         0x08009103   Thumb Code    16  mpu6050.o(.text)
    MPU_Init                                 0x08009113   Thumb Code   122  mpu6050.o(.text)
    MPU_Read_Len                             0x0800918d   Thumb Code   116  mpu6050.o(.text)
    MPU_Get_Temperature                      0x08009201   Thumb Code   110  mpu6050.o(.text)
    MPU_Get_Gyroscope                        0x0800926f   Thumb Code    80  mpu6050.o(.text)
    MPU_Get_Accelerometer                    0x080092bf   Thumb Code    80  mpu6050.o(.text)
    MPU_Write_Len                            0x0800930f   Thumb Code    96  mpu6050.o(.text)
    mpu_reg_dump                             0x0800940f   Thumb Code    84  inv_mpu.o(.text)
    mpu_read_reg                             0x08009463   Thumb Code    66  inv_mpu.o(.text)
    mpu_set_int_latched                      0x080094a5   Thumb Code   102  inv_mpu.o(.text)
    mpu_set_sensors                          0x0800950b   Thumb Code   202  inv_mpu.o(.text)
    mpu_set_bypass                           0x080095d5   Thumb Code   328  inv_mpu.o(.text)
    mpu_reset_fifo                           0x0800971d   Thumb Code   472  inv_mpu.o(.text)
    mpu_configure_fifo                       0x080098f5   Thumb Code   106  inv_mpu.o(.text)
    mpu_set_lpf                              0x0800995f   Thumb Code   126  inv_mpu.o(.text)
    mpu_lp_accel_mode                        0x080099dd   Thumb Code   218  inv_mpu.o(.text)
    mpu_set_sample_rate                      0x08009ab7   Thumb Code   152  inv_mpu.o(.text)
    mpu_set_accel_fsr                        0x08009b4f   Thumb Code   132  inv_mpu.o(.text)
    mpu_set_gyro_fsr                         0x08009bd3   Thumb Code   132  inv_mpu.o(.text)
    mpu_init                                 0x08009c57   Thumb Code   416  inv_mpu.o(.text)
    mget_ms                                  0x08009df7   Thumb Code     2  inv_mpu.o(.text)
    mpu_get_gyro_reg                         0x08009df9   Thumb Code   110  inv_mpu.o(.text)
    mpu_get_accel_reg                        0x08009e67   Thumb Code   110  inv_mpu.o(.text)
    mpu_get_temperature                      0x08009ed5   Thumb Code   142  inv_mpu.o(.text)
    mpu_set_accel_bias                       0x08009f63   Thumb Code   472  inv_mpu.o(.text)
    mpu_get_gyro_fsr                         0x0800a13b   Thumb Code    64  inv_mpu.o(.text)
    mpu_get_accel_fsr                        0x0800a17b   Thumb Code    72  inv_mpu.o(.text)
    mpu_get_lpf                              0x0800a1c3   Thumb Code    74  inv_mpu.o(.text)
    mpu_get_sample_rate                      0x0800a20d   Thumb Code    26  inv_mpu.o(.text)
    mpu_get_compass_sample_rate              0x0800a227   Thumb Code    10  inv_mpu.o(.text)
    mpu_set_compass_sample_rate              0x0800a231   Thumb Code     8  inv_mpu.o(.text)
    mpu_get_gyro_sens                        0x0800a239   Thumb Code    74  inv_mpu.o(.text)
    mpu_get_accel_sens                       0x0800a283   Thumb Code    78  inv_mpu.o(.text)
    mpu_get_fifo_config                      0x0800a2d1   Thumb Code    12  inv_mpu.o(.text)
    mpu_get_power_state                      0x0800a2dd   Thumb Code    22  inv_mpu.o(.text)
    mpu_get_int_status                       0x0800a2f3   Thumb Code    64  inv_mpu.o(.text)
    mpu_read_fifo                            0x0800a333   Thumb Code   520  inv_mpu.o(.text)
    mpu_read_fifo_stream                     0x0800a53b   Thumb Code   186  inv_mpu.o(.text)
    mpu_set_int_level                        0x0800a5f5   Thumb Code    12  inv_mpu.o(.text)
    mpu_set_dmp_state                        0x0800ad05   Thumb Code   138  inv_mpu.o(.text)
    mpu_run_self_test                        0x0800ad8f   Thumb Code   278  inv_mpu.o(.text)
    mpu_write_mem                            0x0800aea5   Thumb Code   122  inv_mpu.o(.text)
    mpu_read_mem                             0x0800af1f   Thumb Code   122  inv_mpu.o(.text)
    mpu_load_firmware                        0x0800af99   Thumb Code   190  inv_mpu.o(.text)
    mpu_get_dmp_state                        0x0800b057   Thumb Code    14  inv_mpu.o(.text)
    setup_compass                            0x0800b065   Thumb Code     6  inv_mpu.o(.text)
    mpu_get_compass_reg                      0x0800b06b   Thumb Code     8  inv_mpu.o(.text)
    mpu_get_compass_fsr                      0x0800b073   Thumb Code     8  inv_mpu.o(.text)
    mpu_lp_motion_interrupt                  0x0800b07b   Thumb Code   512  inv_mpu.o(.text)
    run_self_test                            0x0800b27b   Thumb Code   158  inv_mpu.o(.text)
    inv_row_2_scale                          0x0800b319   Thumb Code    78  inv_mpu.o(.text)
    inv_orientation_matrix_to_scalar         0x0800b367   Thumb Code    40  inv_mpu.o(.text)
    mpu_dmp_init                             0x0800b38f   Thumb Code   166  inv_mpu.o(.text)
    mpu_dmp_get_data                         0x0800b435   Thumb Code   520  inv_mpu.o(.text)
    dmp_load_motion_driver_firmware          0x0800b651   Thumb Code    20  inv_mpu_dmp_motion_driver.o(.text)
    dmp_set_orientation                      0x0800b665   Thumb Code   290  inv_mpu_dmp_motion_driver.o(.text)
    dmp_set_gyro_bias                        0x0800b787   Thumb Code   294  inv_mpu_dmp_motion_driver.o(.text)
    dmp_set_accel_bias                       0x0800b8ad   Thumb Code   300  inv_mpu_dmp_motion_driver.o(.text)
    dmp_set_fifo_rate                        0x0800b9d9   Thumb Code   136  inv_mpu_dmp_motion_driver.o(.text)
    dmp_get_fifo_rate                        0x0800ba61   Thumb Code    12  inv_mpu_dmp_motion_driver.o(.text)
    dmp_set_tap_thresh                       0x0800ba6d   Thumb Code   412  inv_mpu_dmp_motion_driver.o(.text)
    dmp_set_tap_axes                         0x0800bc09   Thumb Code    70  inv_mpu_dmp_motion_driver.o(.text)
    dmp_set_tap_count                        0x0800bc4f   Thumb Code    38  inv_mpu_dmp_motion_driver.o(.text)
    dmp_set_tap_time                         0x0800bc75   Thumb Code    38  inv_mpu_dmp_motion_driver.o(.text)
    dmp_set_tap_time_multi                   0x0800bc9b   Thumb Code    38  inv_mpu_dmp_motion_driver.o(.text)
    dmp_set_shake_reject_thresh              0x0800bcc1   Thumb Code    56  inv_mpu_dmp_motion_driver.o(.text)
    dmp_set_shake_reject_time                0x0800bcf9   Thumb Code    38  inv_mpu_dmp_motion_driver.o(.text)
    dmp_set_shake_reject_timeout             0x0800bd1f   Thumb Code    38  inv_mpu_dmp_motion_driver.o(.text)
    dmp_get_pedometer_step_count             0x0800bd45   Thumb Code    66  inv_mpu_dmp_motion_driver.o(.text)
    dmp_set_pedometer_step_count             0x0800bd87   Thumb Code    42  inv_mpu_dmp_motion_driver.o(.text)
    dmp_get_pedometer_walk_time              0x0800bdb1   Thumb Code    72  inv_mpu_dmp_motion_driver.o(.text)
    dmp_set_pedometer_walk_time              0x0800bdf9   Thumb Code    48  inv_mpu_dmp_motion_driver.o(.text)
    dmp_enable_6x_lp_quat                    0x0800be29   Thumb Code   100  inv_mpu_dmp_motion_driver.o(.text)
    dmp_enable_lp_quat                       0x0800be8d   Thumb Code    60  inv_mpu_dmp_motion_driver.o(.text)
    dmp_enable_gyro_cal                      0x0800bec9   Thumb Code    62  inv_mpu_dmp_motion_driver.o(.text)
    dmp_enable_feature                       0x0800bf07   Thumb Code   530  inv_mpu_dmp_motion_driver.o(.text)
    dmp_get_enabled_features                 0x0800c119   Thumb Code    12  inv_mpu_dmp_motion_driver.o(.text)
    dmp_set_interrupt_mode                   0x0800c183   Thumb Code    66  inv_mpu_dmp_motion_driver.o(.text)
    dmp_read_fifo                            0x0800c1c5   Thumb Code   514  inv_mpu_dmp_motion_driver.o(.text)
    dmp_register_tap_cb                      0x0800c3c7   Thumb Code    10  inv_mpu_dmp_motion_driver.o(.text)
    dmp_register_android_orient_cb           0x0800c3d1   Thumb Code    10  inv_mpu_dmp_motion_driver.o(.text)
    Chassis_PID_ParamsInit                   0x0800c3e1   Thumb Code   378  task_chassis.o(.text)
    Chassis_Z_Speed_PID_ParamsInit           0x0800c55b   Thumb Code    74  task_chassis.o(.text)
    CHASSIS_kalmanCreate                     0x0800c5a5   Thumb Code    18  task_chassis.o(.text)
    Chassis_updateMotorSpeed                 0x0800c5b7   Thumb Code    36  task_chassis.o(.text)
    Chassis_updateMotorAngle                 0x0800c5db   Thumb Code    32  task_chassis.o(.text)
    Chassis_updateMotorCurrent               0x0800c5fb   Thumb Code     2  task_chassis.o(.text)
    Chassis_stop                             0x0800c5fd   Thumb Code    48  task_chassis.o(.text)
    Chassis_Speed_PID_calculate              0x0800c62d   Thumb Code   960  task_chassis.o(.text)
    Chassis_Angle_PID_calculate              0x0800c9ed   Thumb Code   926  task_chassis.o(.text)
    Chassis_Z_Speed_PID_calculate            0x0800cd8b   Thumb Code   200  task_chassis.o(.text)
    Chassis_PID_out                          0x0800ce53   Thumb Code    48  task_chassis.o(.text)
    CHASSIS_init                             0x0800ce83   Thumb Code     8  task_chassis.o(.text)
    CHASSIS_powerLimit                       0x0800ce8b   Thumb Code   396  task_chassis.o(.text)
    CHASSIS_twistTargetCalculate             0x0800d017   Thumb Code   206  task_chassis.o(.text)
    REMOTE_setChassisSpeed                   0x0800d0e5   Thumb Code   500  task_chassis.o(.text)
    KEY_rampChassisSpeed                     0x0800d2d9   Thumb Code   206  task_chassis.o(.text)
    KEY_setChassisSpeed                      0x0800d3a7   Thumb Code   772  task_chassis.o(.text)
    CHASSIS_rcControlTask                    0x0800d6ab   Thumb Code    10  task_chassis.o(.text)
    CHASSIS_keyControlTask                   0x0800d6b5   Thumb Code    52  task_chassis.o(.text)
    CHASSIS_selfProtect                      0x0800d6e9   Thumb Code    24  task_chassis.o(.text)
    CHASSIS_control                          0x0800d701   Thumb Code    76  task_chassis.o(.text)
    GIMBAL_pidParamsInit                     0x0800d765   Thumb Code   378  task_gimbal.o(.text)
    GIMBAL_pidParamsSwitch                   0x0800d8df   Thumb Code   774  task_gimbal.o(.text)
    GIMBAL_stop                              0x0800dbe5   Thumb Code    48  task_gimbal.o(.text)
    GIMBAL_Speed_pidCalculate                0x0800dc15   Thumb Code   828  task_gimbal.o(.text)
    GIMBAL_Angle_pidCalculate                0x0800df51   Thumb Code  1066  task_gimbal.o(.text)
    GIMBAL_pidOut                            0x0800e37b   Thumb Code    42  task_gimbal.o(.text)
    GIMBAL_kalmanCreate                      0x0800e3a5   Thumb Code   274  task_gimbal.o(.text)
    GIMBAL_getGimbalMode                     0x0800e4b7   Thumb Code     6  task_gimbal.o(.text)
    GIMBAL_ifNormalMode                      0x0800e4bd   Thumb Code    14  task_gimbal.o(.text)
    GIMBAL_ifAutoMode                        0x0800e4cb   Thumb Code    16  task_gimbal.o(.text)
    GIMBAL_ifBuffMode                        0x0800e4db   Thumb Code    24  task_gimbal.o(.text)
    GIMBAL_ifAimSentry                       0x0800e4f3   Thumb Code    54  task_gimbal.o(.text)
    GIMBAL_BUFF_chaseReady                   0x0800e529   Thumb Code   160  task_gimbal.o(.text)
    GIMBAL_GYRO_yawTargetBoundaryProcess     0x0800e5c9   Thumb Code    72  task_gimbal.o(.text)
    REMOTE_setGimbalAngle                    0x0800e611   Thumb Code   398  task_gimbal.o(.text)
    KEY_setGimbalAngle                       0x0800e79f   Thumb Code   368  task_gimbal.o(.text)
    KEY_setGimbalTurn                        0x0800e90f   Thumb Code   444  task_gimbal.o(.text)
    KEY_setQuickPickUp                       0x0800eacb   Thumb Code   114  task_gimbal.o(.text)
    GIMBAL_keyMech_To_keyGyro                0x0800eb3d   Thumb Code    36  task_gimbal.o(.text)
    GIMBAL_keyGyro_To_keyMech                0x0800eb61   Thumb Code    36  task_gimbal.o(.text)
    KEY_setGimbalMode                        0x0800eb85   Thumb Code   568  task_gimbal.o(.text)
    GIMBAL_GYRO_calAverageOffset             0x0800edbd   Thumb Code   422  task_gimbal.o(.text)
    GIMBAL_init                              0x0800ef63   Thumb Code    34  task_gimbal.o(.text)
    GIMBAL_rcMech_To_rcGyro                  0x0800ef85   Thumb Code    42  task_gimbal.o(.text)
    GIMBAL_rcMech_To_keyGyro                 0x0800efaf   Thumb Code    42  task_gimbal.o(.text)
    GIMBAL_reset                             0x0800efd9   Thumb Code   518  task_gimbal.o(.text)
    GIMBAL_IMU_recordFeedback                0x0800f1df   Thumb Code   210  task_gimbal.o(.text)
    GIMBAL_rcGyro_To_rcMech                  0x0800f2b1   Thumb Code    42  task_gimbal.o(.text)
    GIMBAL_keyGyro_To_rcMech                 0x0800f2db   Thumb Code    20  task_gimbal.o(.text)
    speed_calculate                          0x0800f2ef   Thumb Code    98  task_gimbal.o(.text)
    GIMBAL_VISION_AUTO_pidCalculate          0x0800f351   Thumb Code   242  task_gimbal.o(.text)
    GIMBAL_AUTO_pidCalculate                 0x0800f443   Thumb Code   814  task_gimbal.o(.text)
    GIMBAL_VISION_BUFF_pidCalculate          0x0800f771   Thumb Code   526  task_gimbal.o(.text)
    GIMBAL_normalControl                     0x0800f97f   Thumb Code    22  task_gimbal.o(.text)
    GIMBAL_autoControl                       0x0800f995   Thumb Code    26  task_gimbal.o(.text)
    GIMBAL_buffControl                       0x0800f9af   Thumb Code   316  task_gimbal.o(.text)
    GIMBAL_pidControlTask                    0x0800faeb   Thumb Code   322  task_gimbal.o(.text)
    GIMBAL_rcControlTask                     0x0800fc2d   Thumb Code    10  task_gimbal.o(.text)
    GIMBAL_keyControlTask                    0x0800fc37   Thumb Code    52  task_gimbal.o(.text)
    GIMBAL_selfProtect                       0x0800fc6b   Thumb Code    36  task_gimbal.o(.text)
    GIMBAL_control                           0x0800fc8f   Thumb Code    62  task_gimbal.o(.text)
    REVOLVER_pidParamsInit                   0x0800fcfd   Thumb Code   162  task_revolver.o(.text)
    REVOLVER_stop                            0x0800fd9f   Thumb Code    44  task_revolver.o(.text)
    REVOLVER_Speed_pidCalculate              0x0800fdcb   Thumb Code   314  task_revolver.o(.text)
    REVOLVER_Angle_pidCalculate              0x0800ff05   Thumb Code   138  task_revolver.o(.text)
    REVOLVER_pidOut                          0x0800ff8f   Thumb Code    42  task_revolver.o(.text)
    REVOLVER_Speed_bulletStuck               0x0800ffb9   Thumb Code   128  task_revolver.o(.text)
    REVOLVER_Angle_bulletStuck               0x08010039   Thumb Code   232  task_revolver.o(.text)
    REVOLVER_heatLimit                       0x08010121   Thumb Code    46  task_revolver.o(.text)
    REMOTE_setRevolverShoot                  0x0801014f   Thumb Code   196  task_revolver.o(.text)
    KEY_setRevolverShoot                     0x08010213   Thumb Code    26  task_revolver.o(.text)
    REVOLVER_setAction                       0x0801022d   Thumb Code     6  task_revolver.o(.text)
    REVOLVER_pidControlTask                  0x08010233   Thumb Code   228  task_revolver.o(.text)
    REVOLVER_normalControl                   0x08010317   Thumb Code   340  task_revolver.o(.text)
    REVOLVER_singleShootControl              0x0801046b   Thumb Code    74  task_revolver.o(.text)
    REVOLVER_tripleShootControl              0x080104b5   Thumb Code    38  task_revolver.o(.text)
    REVOLVER_buffShootControl                0x080104db   Thumb Code   412  task_revolver.o(.text)
    REVOLVER_recordJudgeInfo                 0x08010677   Thumb Code    32  task_revolver.o(.text)
    REVOLVER_rcControlTask                   0x08010697   Thumb Code    10  task_revolver.o(.text)
    REVOLVER_keyControlTask                  0x080106a1   Thumb Code    62  task_revolver.o(.text)
    REVOLVER_selfProtect                     0x080106df   Thumb Code    22  task_revolver.o(.text)
    REVOLVER_control                         0x080106f5   Thumb Code    40  task_revolver.o(.text)
    arm_mat_add_f32                          0x0801073d   Thumb Code   192  arm_mat_add_f32.o(.text)
    arm_mat_init_f32                         0x080107fd   Thumb Code     8  arm_mat_init_f32.o(.text)
    arm_mat_inverse_f32                      0x08010805   Thumb Code   778  arm_mat_inverse_f32.o(.text)
    arm_mat_mult_f32                         0x08010b15   Thumb Code   320  arm_mat_mult_f32.o(.text)
    arm_mat_sub_f32                          0x08010c59   Thumb Code   192  arm_mat_sub_f32.o(.text)
    arm_mat_trans_f32                        0x08010d19   Thumb Code   152  arm_mat_trans_f32.o(.text)
    __use_no_semihosting                     0x08010db1   Thumb Code     2  use_no_semi_2.o(.text)
    __aeabi_ldivmod                          0x08010db3   Thumb Code     0  llsdiv.o(.text)
    _ll_sdiv                                 0x08010db3   Thumb Code    72  llsdiv.o(.text)
    __2printf                                0x08010dfd   Thumb Code    20  noretval__2printf.o(.text)
    _printf_pre_padding                      0x08010e15   Thumb Code    44  _printf_pad.o(.text)
    _printf_post_padding                     0x08010e41   Thumb Code    34  _printf_pad.o(.text)
    _printf_int_dec                          0x08010e65   Thumb Code   104  _printf_dec.o(.text)
    _printf_int_hex                          0x08010edd   Thumb Code    84  _printf_hex_int.o(.text)
    _printf_longlong_hex                     0x08010edd   Thumb Code     0  _printf_hex_int.o(.text)
    __printf                                 0x08010f35   Thumb Code   308  __printf_flags_wp.o(.text)
    memcmp                                   0x0801106d   Thumb Code    88  memcmp.o(.text)
    __aeabi_memcpy                           0x080110c5   Thumb Code     0  rt_memcpy_v6.o(.text)
    __rt_memcpy                              0x080110c5   Thumb Code   138  rt_memcpy_v6.o(.text)
    _memcpy_lastbytes                        0x0801112b   Thumb Code     0  rt_memcpy_v6.o(.text)
    __aeabi_memcpy4                          0x0801114f   Thumb Code     0  rt_memcpy_w.o(.text)
    __aeabi_memcpy8                          0x0801114f   Thumb Code     0  rt_memcpy_w.o(.text)
    __rt_memcpy_w                            0x0801114f   Thumb Code   100  rt_memcpy_w.o(.text)
    _memcpy_lastbytes_aligned                0x08011197   Thumb Code     0  rt_memcpy_w.o(.text)
    __aeabi_memset                           0x080111b3   Thumb Code    16  aeabi_memset.o(.text)
    __aeabi_memclr                           0x080111c3   Thumb Code     0  rt_memclr.o(.text)
    __rt_memclr                              0x080111c3   Thumb Code    68  rt_memclr.o(.text)
    _memset                                  0x080111c7   Thumb Code     0  rt_memclr.o(.text)
    __aeabi_memclr4                          0x08011207   Thumb Code     0  rt_memclr_w.o(.text)
    __aeabi_memclr8                          0x08011207   Thumb Code     0  rt_memclr_w.o(.text)
    __rt_memclr_w                            0x08011207   Thumb Code    78  rt_memclr_w.o(.text)
    _memset_w                                0x0801120b   Thumb Code     0  rt_memclr_w.o(.text)
    __use_two_region_memory                  0x08011255   Thumb Code     2  heapauxi.o(.text)
    __rt_heap_escrow$2region                 0x08011257   Thumb Code     2  heapauxi.o(.text)
    __rt_heap_expand$2region                 0x08011259   Thumb Code     2  heapauxi.o(.text)
    __I$use$semihosting                      0x0801125b   Thumb Code     0  use_no_semi.o(.text)
    __use_no_semihosting_swi                 0x0801125b   Thumb Code     2  use_no_semi.o(.text)
    __aeabi_uldivmod                         0x0801125d   Thumb Code     0  lludivv7m.o(.text)
    _ll_udiv                                 0x0801125d   Thumb Code   238  lludivv7m.o(.text)
    __read_errno                             0x0801134b   Thumb Code    10  _rserrno.o(.text)
    __set_errno                              0x08011355   Thumb Code    12  _rserrno.o(.text)
    _printf_int_common                       0x08011361   Thumb Code   178  _printf_intcommon.o(.text)
    _printf_char_file                        0x08011415   Thumb Code    32  _printf_char_file.o(.text)
    __aeabi_errno_addr                       0x08011439   Thumb Code     8  rt_errno_addr_intlibspace.o(.text)
    __errno$intlibspace                      0x08011439   Thumb Code     0  rt_errno_addr_intlibspace.o(.text)
    __rt_errno_addr$intlibspace              0x08011439   Thumb Code     0  rt_errno_addr_intlibspace.o(.text)
    _printf_char_common                      0x0801144b   Thumb Code    32  _printf_char_common.o(.text)
    ferror                                   0x08011471   Thumb Code     8  ferror.o(.text)
    __user_libspace                          0x08011479   Thumb Code     8  libspace.o(.text)
    __user_perproc_libspace                  0x08011479   Thumb Code     0  libspace.o(.text)
    __user_perthread_libspace                0x08011479   Thumb Code     0  libspace.o(.text)
    __user_setup_stackheap                   0x08011481   Thumb Code    74  sys_stackheap_outer.o(.text)
    exit                                     0x080114cb   Thumb Code    12  exit.o(.text)
    __ARM_fpclassify                         0x080114d7   Thumb Code    48  fpclassify.o(i.__ARM_fpclassify)
    __hardfp_asin                            0x08011509   Thumb Code   770  asin.o(i.__hardfp_asin)
    __hardfp_atan                            0x08011869   Thumb Code   622  atan.o(i.__hardfp_atan)
    __hardfp_atan2                           0x08011b41   Thumb Code   432  atan2.o(i.__hardfp_atan2)
    __hardfp_sqrt                            0x08011d31   Thumb Code   122  sqrt.o(i.__hardfp_sqrt)
    __kernel_poly                            0x08011dab   Thumb Code   248  poly.o(i.__kernel_poly)
    __mathlib_dbl_infnan                     0x08011ea3   Thumb Code    20  dunder.o(i.__mathlib_dbl_infnan)
    __mathlib_dbl_infnan2                    0x08011eb7   Thumb Code    20  dunder.o(i.__mathlib_dbl_infnan2)
    __mathlib_dbl_invalid                    0x08011ed1   Thumb Code    24  dunder.o(i.__mathlib_dbl_invalid)
    __mathlib_dbl_underflow                  0x08011ef1   Thumb Code    24  dunder.o(i.__mathlib_dbl_underflow)
    _is_digit                                0x08011f11   Thumb Code    14  __printf_wp.o(i._is_digit)
    atan                                     0x08011f1f   Thumb Code    16  atan.o(i.atan)
    fabs                                     0x08011f2f   Thumb Code    24  fabs.o(i.fabs)
    sqrt                                     0x08011f47   Thumb Code   110  sqrt.o(i.sqrt)
    __aeabi_dneg                             0x08011fb5   Thumb Code     0  basic.o(x$fpl$basic)
    _dneg                                    0x08011fb5   Thumb Code     6  basic.o(x$fpl$basic)
    __aeabi_fneg                             0x08011fbb   Thumb Code     0  basic.o(x$fpl$basic)
    _fneg                                    0x08011fbb   Thumb Code     6  basic.o(x$fpl$basic)
    _dabs                                    0x08011fc1   Thumb Code     6  basic.o(x$fpl$basic)
    _fabs                                    0x08011fc7   Thumb Code     6  basic.o(x$fpl$basic)
    __aeabi_d2f                              0x08011fcd   Thumb Code     0  d2f.o(x$fpl$d2f)
    _d2f                                     0x08011fcd   Thumb Code    98  d2f.o(x$fpl$d2f)
    __aeabi_dadd                             0x08012031   Thumb Code     0  daddsub_clz.o(x$fpl$dadd)
    _dadd                                    0x08012031   Thumb Code   332  daddsub_clz.o(x$fpl$dadd)
    __aeabi_ddiv                             0x08012181   Thumb Code     0  ddiv.o(x$fpl$ddiv)
    _ddiv                                    0x08012181   Thumb Code   552  ddiv.o(x$fpl$ddiv)
    __aeabi_i2d                              0x08012431   Thumb Code     0  dflt_clz.o(x$fpl$dflt)
    _dflt                                    0x08012431   Thumb Code    46  dflt_clz.o(x$fpl$dflt)
    __aeabi_dmul                             0x08012461   Thumb Code     0  dmul.o(x$fpl$dmul)
    _dmul                                    0x08012461   Thumb Code   332  dmul.o(x$fpl$dmul)
    __fpl_dnaninf                            0x080125b5   Thumb Code   156  dnaninf.o(x$fpl$dnaninf)
    __fpl_dretinf                            0x08012651   Thumb Code    12  dretinf.o(x$fpl$dretinf)
    __aeabi_drsub                            0x0801265d   Thumb Code     0  daddsub_clz.o(x$fpl$drsb)
    _drsb                                    0x0801265d   Thumb Code    22  daddsub_clz.o(x$fpl$drsb)
    _dsqrt                                   0x08012675   Thumb Code   404  dsqrt_umaal.o(x$fpl$dsqrt)
    __aeabi_dsub                             0x0801280d   Thumb Code     0  daddsub_clz.o(x$fpl$dsub)
    _dsub                                    0x0801280d   Thumb Code   464  daddsub_clz.o(x$fpl$dsub)
    __aeabi_f2d                              0x080129e1   Thumb Code     0  f2d.o(x$fpl$f2d)
    _f2d                                     0x080129e1   Thumb Code    86  f2d.o(x$fpl$f2d)
    __fpl_fnaninf                            0x08012a37   Thumb Code   140  fnaninf.o(x$fpl$fnaninf)
    _fp_init                                 0x08012ac3   Thumb Code    10  fpinit.o(x$fpl$fpinit)
    __fplib_config_fpu_vfp                   0x08012acb   Thumb Code     0  fpinit.o(x$fpl$fpinit)
    __fplib_config_pureend_doubles           0x08012acb   Thumb Code     0  fpinit.o(x$fpl$fpinit)
    __fpl_fretinf                            0x08012acd   Thumb Code    10  fretinf.o(x$fpl$fretinf)
    CRC8_INIT                                0x08012ad6   Data           1  crc.o(.constdata)
    __I$use$fp                               0x08012ad6   Number         0  usenofp.o(x$fpl$usenofp)
    CRC8_TAB                                 0x08012ad7   Data         256  crc.o(.constdata)
    wCRC_Table                               0x08012bd8   Data         512  crc.o(.constdata)
    reg                                      0x08012dd8   Data          27  inv_mpu.o(.constdata)
    hw                                       0x08012df4   Data          12  inv_mpu.o(.constdata)
    test                                     0x08012e00   Data          40  inv_mpu.o(.constdata)
    __mathlib_zero                           0x08013b40   Data           8  qnan.o(.constdata)
    Region$$Table$$Base                      0x08013b98   Number         0  anon$$obj.o(Region$$Table)
    Region$$Table$$Limit                     0x08013bb8   Number         0  anon$$obj.o(Region$$Table)
    Vision                                   0x20000000   Data          76  vision.o(.data)
    predict_yaw                              0x2000004c   Data           4  vision.o(.data)
    last_predict_yaw                         0x20000050   Data           4  vision.o(.data)
    predict_yaw_speed                        0x20000054   Data           4  vision.o(.data)
    bias                                     0x20000058   Data           4  vision.o(.data)
    js_predict_yaw_speed                     0x2000005c   Data           4  vision.o(.data)
    last_js_predict_yaw_speed                0x20000060   Data           4  vision.o(.data)
    js_kLPF                                  0x20000064   Data           4  vision.o(.data)
    kalman_kYaw_Q                            0x20000068   Data           4  vision.o(.data)
    kalman_kYaw_R                            0x2000006c   Data           4  vision.o(.data)
    kalman_kPitch_Q                          0x20000070   Data           4  vision.o(.data)
    kalman_kPitch_R                          0x20000074   Data           4  vision.o(.data)
    vision_gyro_kLPF                         0x20000078   Data           4  vision.o(.data)
    auto_rate_yaw                            0x2000007c   Data           2  vision.o(.data)
    RC_Ctl_Info                              0x20000082   Data          24  remote.o(.data)
    Friction                                 0x2000009c   Data           6  friction.o(.data)
    Friction_Pwm_Output                      0x200000a2   Data          12  friction.o(.data)
    Friction_Pwm_Speed                       0x200000ae   Data          12  friction.o(.data)
    Magzine                                  0x200000bc   Data           6  magzine.o(.data)
    CRC_INIT                                 0x200000c4   Data           2  crc.o(.data)
    matrix_value1                            0x200000c8   Data           4  kalman_filter.o(.data)
    matrix_value2                            0x200000cc   Data           4  kalman_filter.o(.data)
    StartTask_Handler                        0x200000d8   Data           4  init.o(.data)
    gyrox                                    0x200000dc   Data           2  init.o(.data)
    gyroy                                    0x200000de   Data           2  init.o(.data)
    gyroz                                    0x200000e0   Data           2  init.o(.data)
    pitch1                                   0x200000e4   Data           4  init.o(.data)
    roll                                     0x200000e8   Data           4  init.o(.data)
    yaw1                                     0x200000ec   Data           4  init.o(.data)
    yaw_10                                   0x200000f0   Data           4  init.o(.data)
    pass_flag                                0x200000f4   Data           1  init.o(.data)
    Usart5_Clean_IDLE_Flag                   0x2000011c   Data           4  uart5.o(.data)
    SystemCoreClock                          0x20000130   Data           4  system_stm32f4xx.o(.data)
    AHBPrescTable                            0x20000134   Data          16  system_stm32f4xx.o(.data)
    Cnt                                      0x20000144   Data          20  scheduler.o(.data)
    BitMask                                  0x20000158   Data           6  scheduler.o(.data)
    System_State                             0x2000015e   Data           1  scheduler.o(.data)
    SystemStateTask_Handler                  0x20000160   Data           4  scheduler.o(.data)
    ChassisTask_Handler                      0x20000164   Data           4  scheduler.o(.data)
    GimbalTask_Handler                       0x20000168   Data           4  scheduler.o(.data)
    RevolverTask_Handler                     0x2000016c   Data           4  scheduler.o(.data)
    FrictionTask_Handler                     0x20000170   Data           4  scheduler.o(.data)
    RemoteTask_Handler                       0x20000174   Data           4  scheduler.o(.data)
    VisionTask_Handler                       0x20000178   Data           4  scheduler.o(.data)
    sysTickUptime                            0x20000180   Data           4  delay.o(.data)
    __stdout                                 0x20000184   Data           4  usart.o(.data)
    pxCurrentTCB                             0x20000188   Data           4  tasks.o(.data)
    speed_target_203                         0x20000234   Data           4  task_chassis.o(.data)
    speed_feedback_203                       0x20000238   Data           4  task_chassis.o(.data)
    angle_target_203                         0x2000023c   Data           4  task_chassis.o(.data)
    angle_feedback_203                       0x20000240   Data           4  task_chassis.o(.data)
    Chassis_PID                              0x20000244   Data         464  task_chassis.o(.data)
    Chassis_Z_Speed_PID                      0x20000414   Data          56  task_chassis.o(.data)
    Chassis_Power                            0x2000044c   Data           8  task_chassis.o(.data)
    GIMBAL_ANGLE_PID_IOUT_MAX                0x20000470   Data           4  task_gimbal.o(.data)
    GIMBAL_ANGLE_PID_OUT_MAX                 0x20000474   Data           4  task_gimbal.o(.data)
    GIMBAL_SPEED_PID_IOUT_MAX                0x20000478   Data           4  task_gimbal.o(.data)
    GIMBAL_SPEED_PID_OUT_MAX                 0x2000047c   Data           4  task_gimbal.o(.data)
    yaw_kalman_filter_para                   0x20000480   Data         180  task_gimbal.o(.data)
    pitch_kalman_filter_para                 0x20000534   Data         180  task_gimbal.o(.data)
    GIMBAL_BUFF_PITCH_COMPENSATION           0x200005e8   Data           4  task_gimbal.o(.data)
    GIMBAL_BUFF_YAW_COMPENSATION             0x200005ec   Data           4  task_gimbal.o(.data)
    GIMBAL_BUFF_YAW_RAMP                     0x200005f0   Data           4  task_gimbal.o(.data)
    GIMBAL_BUFF_PITCH_RAMP                   0x200005f4   Data           4  task_gimbal.o(.data)
    Gimbal_PID                               0x200005f8   Data         496  task_gimbal.o(.data)
    Gimbal                                   0x200007e8   Data         260  task_gimbal.o(.data)
    auto_yaw_angle_kp                        0x200008ec   Data           4  task_gimbal.o(.data)
    auto_yaw_speed_kp                        0x200008f0   Data           4  task_gimbal.o(.data)
    auto_yaw_speed_ki                        0x200008f4   Data           4  task_gimbal.o(.data)
    auto_pitch_angle_kp                      0x200008f8   Data           4  task_gimbal.o(.data)
    auto_pitch_speed_kp                      0x200008fc   Data           4  task_gimbal.o(.data)
    auto_pitch_speed_ki                      0x20000900   Data           4  task_gimbal.o(.data)
    buff_yaw_angle_kp                        0x20000904   Data           4  task_gimbal.o(.data)
    buff_yaw_speed_kp                        0x20000908   Data           4  task_gimbal.o(.data)
    buff_yaw_speed_ki                        0x2000090c   Data           4  task_gimbal.o(.data)
    buff_pitch_angle_kp                      0x20000910   Data           4  task_gimbal.o(.data)
    buff_pitch_speed_kp                      0x20000914   Data           4  task_gimbal.o(.data)
    buff_pitch_speed_ki                      0x20000918   Data           4  task_gimbal.o(.data)
    normal_mech_yaw_angle_kp                 0x2000091c   Data           4  task_gimbal.o(.data)
    normal_mech_yaw_speed_kp                 0x20000920   Data           4  task_gimbal.o(.data)
    normal_mech_yaw_speed_ki                 0x20000924   Data           4  task_gimbal.o(.data)
    normal_gyro_yaw_angle_kp                 0x20000928   Data           4  task_gimbal.o(.data)
    normal_gyro_yaw_speed_kp                 0x2000092c   Data           4  task_gimbal.o(.data)
    normal_gyro_yaw_speed_ki                 0x20000930   Data           4  task_gimbal.o(.data)
    normal_pitch_angle_kp                    0x20000934   Data           4  task_gimbal.o(.data)
    normal_pitch_speed_kp                    0x20000938   Data           4  task_gimbal.o(.data)
    normal_pitch_speed_ki                    0x2000093c   Data           4  task_gimbal.o(.data)
    js_gimbal_yaw_speed_feedback             0x20000940   Data           4  task_gimbal.o(.data)
    js_gimbal_yaw_speed_target               0x20000944   Data           4  task_gimbal.o(.data)
    js_gimbal_yaw_speed_out                  0x20000948   Data           4  task_gimbal.o(.data)
    js_gimbal_pitch_speed_feedback           0x2000094c   Data           4  task_gimbal.o(.data)
    js_gimbal_pitch_speed_target             0x20000950   Data           4  task_gimbal.o(.data)
    js_gimbal_pitch_speed_out                0x20000954   Data           4  task_gimbal.o(.data)
    js_gimbal_speed_feedback                 0x20000958   Data           4  task_gimbal.o(.data)
    kLPF_speed                               0x2000095c   Data           4  task_gimbal.o(.data)
    js_gimbal_yaw_angle_feedback             0x20000960   Data           4  task_gimbal.o(.data)
    js_gimbal_yaw_angle_target               0x20000964   Data           4  task_gimbal.o(.data)
    js_gimbal_pitch_angle_feedback           0x20000968   Data           4  task_gimbal.o(.data)
    js_gimbal_pitch_angle_target             0x2000096c   Data           4  task_gimbal.o(.data)
    debug_pix_yaw                            0x20000970   Data           4  task_gimbal.o(.data)
    debug_pix_pitch                          0x20000974   Data           4  task_gimbal.o(.data)
    debug_pix_yaw_ready                      0x20000978   Data           4  task_gimbal.o(.data)
    debug_pix_pitch_ready                    0x2000097c   Data           4  task_gimbal.o(.data)
    test_auto_pid                            0x20000980   Data           1  task_gimbal.o(.data)
    pitch                                    0x20000990   Data           4  task_gimbal.o(.data)
    yaw                                      0x20000994   Data           4  task_gimbal.o(.data)
    rateYaw                                  0x20000998   Data           4  task_gimbal.o(.data)
    kLPF_rateYaw                             0x2000099c   Data           4  task_gimbal.o(.data)
    ratePitch                                0x200009a0   Data           4  task_gimbal.o(.data)
    kLPF_ratePitch                           0x200009a4   Data           4  task_gimbal.o(.data)
    GIMBAL_AUTO_PITCH_COMPENSATION           0x200009a8   Data           4  task_gimbal.o(.data)
    auto_yaw_ramp                            0x200009ac   Data           4  task_gimbal.o(.data)
    auto_pitch_ramp                          0x200009b0   Data           4  task_gimbal.o(.data)
    yaw_angle_raw                            0x200009b4   Data           4  task_gimbal.o(.data)
    pitch_angle_raw                          0x200009b8   Data           4  task_gimbal.o(.data)
    yaw_kf_result                            0x200009bc   Data           4  task_gimbal.o(.data)
    pitch_kf_result                          0x200009c0   Data           4  task_gimbal.o(.data)
    yaw_angle_speed                          0x200009c4   Data           4  task_gimbal.o(.data)
    pitch_angle_speed                        0x200009c8   Data           4  task_gimbal.o(.data)
    yaw_angle_predict                        0x200009cc   Data           4  task_gimbal.o(.data)
    pitch_angle_predict                      0x200009d0   Data           4  task_gimbal.o(.data)
    yaw_predict_k                            0x200009d4   Data           4  task_gimbal.o(.data)
    pitch_predict_k                          0x200009d8   Data           4  task_gimbal.o(.data)
    auto_predict_start_delay                 0x200009dc   Data           4  task_gimbal.o(.data)
    auto_predict_start_delay_boundary        0x200009e0   Data           4  task_gimbal.o(.data)
    auto_yaw_predict_max                     0x200009e4   Data           4  task_gimbal.o(.data)
    auto_pitch_predict_max                   0x200009e8   Data           4  task_gimbal.o(.data)
    auto_yaw_speed_predict_low               0x200009ec   Data           4  task_gimbal.o(.data)
    auto_yaw_speed_predict_high              0x200009f0   Data           4  task_gimbal.o(.data)
    js_yaw_angle                             0x200009f4   Data           4  task_gimbal.o(.data)
    js_yaw_speed                             0x200009f8   Data           4  task_gimbal.o(.data)
    test_yaw_pid                             0x200009fc   Data           1  task_gimbal.o(.data)
    test_pitch_pid                           0x200009fd   Data           1  task_gimbal.o(.data)
    test_yaw_speed_max_target                0x20000a00   Data           4  task_gimbal.o(.data)
    test_pitch_speed_max_target              0x20000a04   Data           4  task_gimbal.o(.data)
    Revolver_PID                             0x20000a48   Data         120  task_revolver.o(.data)
    Revolver                                 0x20000ac0   Data          48  task_revolver.o(.data)
    js_shoot_num                             0x20000af2   Data           2  task_revolver.o(.data)
    buff_bullet_test                         0x20000af4   Data           1  task_revolver.o(.data)
    Judge_Info                               0x20000b0c   Data         116  judge.o(.bss)
    Vision_Tx_Buffer                         0x20000b80   Data          50  vision.o(.bss)
    Gimbal_Gyro_Auto_kalmanError             0x20000bb4   Data          96  vision.o(.bss)
    g_Chassis_Motor_Info                     0x20000c44   Data          64  can.o(.bss)
    g_Gimbal_Motor_Info                      0x20000c84   Data          32  can.o(.bss)
    g_Revolver_Motor_Info                    0x20000ca4   Data          16  can.o(.bss)
    Judge_Buffer                             0x20000cb4   Data         200  uart5.o(.bss)
    Vision_Buffer                            0x20000d7c   Data         100  uart4.o(.bss)
    Flag                                     0x20000de0   Data          13  scheduler.o(.bss)
    Mpu_Info                                 0x20000df0   Data          44  scheduler.o(.bss)
    xQueueRegistry                           0x20000e1c   Data          64  queue.o(.bss)
    Chassis_Kalman_Error                     0x20013b5c   Data          48  task_chassis.o(.bss)
    Gimbal_kalmanError                       0x20013b9c   Data         192  task_gimbal.o(.bss)
    Mpu_kalmanError                          0x20013c5c   Data          96  task_gimbal.o(.bss)
    Gimbal_Auto_kalmanError                  0x20013cbc   Data          96  task_gimbal.o(.bss)
    yaw_kalman_filter                        0x20013d1c   Data         108  task_gimbal.o(.bss)
    pitch_kalman_filter                      0x20013d88   Data         108  task_gimbal.o(.bss)
    BUFF_PITCH_MODIFY_TABLE                  0x20013df4   Data          44  task_gimbal.o(.bss)
    yaw_angle_speed_struct                   0x20013e20   Data          28  task_gimbal.o(.bss)
    pitch_angle_speed_struct                 0x20013e3c   Data          28  task_gimbal.o(.bss)
    __libspace_start                         0x20013e68   Data          96  libspace.o(.bss)
    __temporary_stack_top$libspace           0x20013ec8   Data           0  libspace.o(.bss)



==============================================================================

Memory Map of the image

  Image Entry point : 0x08000189

  Load Region LR_IROM1 (Base: 0x08000000, Size: 0x000146c4, Max: 0x00080000, ABSOLUTE, COMPRESSED[0x00013d80])

    Execution Region ER_IROM1 (Base: 0x08000000, Size: 0x00013bb8, Max: 0x00080000, ABSOLUTE)

    Base Addr    Size         Type   Attr      Idx    E Section Name        Object

    0x08000000   0x00000188   Data   RO          829    RESET               startup_stm32f40xx.o
    0x08000188   0x00000008   Code   RO         1939  * !!!main             c_w.l(__main.o)
    0x08000190   0x00000034   Code   RO         2245    !!!scatter          c_w.l(__scatter.o)
    0x080001c4   0x0000005a   Code   RO         2243    !!dczerorl2         c_w.l(__dczerorl2.o)
    0x0800021e   0x00000002   PAD
    0x08000220   0x0000001c   Code   RO         2247    !!handler_zi        c_w.l(__scatter_zi.o)
    0x0800023c   0x00000000   Code   RO         1922    .ARM.Collect$$_printf_percent$$00000000  c_w.l(_printf_percent.o)
    0x0800023c   0x00000006   Code   RO         1921    .ARM.Collect$$_printf_percent$$00000009  c_w.l(_printf_d.o)
    0x08000242   0x00000006   Code   RO         1920    .ARM.Collect$$_printf_percent$$0000000C  c_w.l(_printf_x.o)
    0x08000248   0x00000004   Code   RO         2014    .ARM.Collect$$_printf_percent$$00000017  c_w.l(_printf_percent_end.o)
    0x0800024c   0x00000002   Code   RO         2117    .ARM.Collect$$libinit$$00000000  c_w.l(libinit.o)
    0x0800024e   0x00000004   Code   RO         2124    .ARM.Collect$$libinit$$00000001  c_w.l(libinit2.o)
    0x08000252   0x00000000   Code   RO         2127    .ARM.Collect$$libinit$$00000004  c_w.l(libinit2.o)
    0x08000252   0x00000000   Code   RO         2130    .ARM.Collect$$libinit$$0000000A  c_w.l(libinit2.o)
    0x08000252   0x00000000   Code   RO         2132    .ARM.Collect$$libinit$$0000000C  c_w.l(libinit2.o)
    0x08000252   0x00000000   Code   RO         2134    .ARM.Collect$$libinit$$0000000E  c_w.l(libinit2.o)
    0x08000252   0x00000000   Code   RO         2137    .ARM.Collect$$libinit$$00000011  c_w.l(libinit2.o)
    0x08000252   0x00000000   Code   RO         2139    .ARM.Collect$$libinit$$00000013  c_w.l(libinit2.o)
    0x08000252   0x00000000   Code   RO         2141    .ARM.Collect$$libinit$$00000015  c_w.l(libinit2.o)
    0x08000252   0x00000000   Code   RO         2143    .ARM.Collect$$libinit$$00000017  c_w.l(libinit2.o)
    0x08000252   0x00000000   Code   RO         2145    .ARM.Collect$$libinit$$00000019  c_w.l(libinit2.o)
    0x08000252   0x00000000   Code   RO         2147    .ARM.Collect$$libinit$$0000001B  c_w.l(libinit2.o)
    0x08000252   0x00000000   Code   RO         2149    .ARM.Collect$$libinit$$0000001D  c_w.l(libinit2.o)
    0x08000252   0x00000000   Code   RO         2151    .ARM.Collect$$libinit$$0000001F  c_w.l(libinit2.o)
    0x08000252   0x00000000   Code   RO         2153    .ARM.Collect$$libinit$$00000021  c_w.l(libinit2.o)
    0x08000252   0x00000000   Code   RO         2155    .ARM.Collect$$libinit$$00000023  c_w.l(libinit2.o)
    0x08000252   0x00000000   Code   RO         2157    .ARM.Collect$$libinit$$00000025  c_w.l(libinit2.o)
    0x08000252   0x00000000   Code   RO         2161    .ARM.Collect$$libinit$$0000002C  c_w.l(libinit2.o)
    0x08000252   0x00000000   Code   RO         2163    .ARM.Collect$$libinit$$0000002E  c_w.l(libinit2.o)
    0x08000252   0x00000000   Code   RO         2165    .ARM.Collect$$libinit$$00000030  c_w.l(libinit2.o)
    0x08000252   0x00000000   Code   RO         2167    .ARM.Collect$$libinit$$00000032  c_w.l(libinit2.o)
    0x08000252   0x00000002   Code   RO         2168    .ARM.Collect$$libinit$$00000033  c_w.l(libinit2.o)
    0x08000254   0x00000002   Code   RO         2196    .ARM.Collect$$libshutdown$$00000000  c_w.l(libshutdown.o)
    0x08000256   0x00000000   Code   RO         2211    .ARM.Collect$$libshutdown$$00000003  c_w.l(libshutdown2.o)
    0x08000256   0x00000000   Code   RO         2214    .ARM.Collect$$libshutdown$$00000006  c_w.l(libshutdown2.o)
    0x08000256   0x00000000   Code   RO         2217    .ARM.Collect$$libshutdown$$00000009  c_w.l(libshutdown2.o)
    0x08000256   0x00000000   Code   RO         2219    .ARM.Collect$$libshutdown$$0000000B  c_w.l(libshutdown2.o)
    0x08000256   0x00000000   Code   RO         2222    .ARM.Collect$$libshutdown$$0000000E  c_w.l(libshutdown2.o)
    0x08000256   0x00000002   Code   RO         2223    .ARM.Collect$$libshutdown$$0000000F  c_w.l(libshutdown2.o)
    0x08000258   0x00000000   Code   RO         2005    .ARM.Collect$$rtentry$$00000000  c_w.l(__rtentry.o)
    0x08000258   0x00000000   Code   RO         2072    .ARM.Collect$$rtentry$$00000002  c_w.l(__rtentry2.o)
    0x08000258   0x00000006   Code   RO         2084    .ARM.Collect$$rtentry$$00000004  c_w.l(__rtentry4.o)
    0x0800025e   0x00000000   Code   RO         2074    .ARM.Collect$$rtentry$$00000009  c_w.l(__rtentry2.o)
    0x0800025e   0x00000004   Code   RO         2075    .ARM.Collect$$rtentry$$0000000A  c_w.l(__rtentry2.o)
    0x08000262   0x00000000   Code   RO         2077    .ARM.Collect$$rtentry$$0000000C  c_w.l(__rtentry2.o)
    0x08000262   0x00000008   Code   RO         2078    .ARM.Collect$$rtentry$$0000000D  c_w.l(__rtentry2.o)
    0x0800026a   0x00000002   Code   RO         2118    .ARM.Collect$$rtexit$$00000000  c_w.l(rtexit.o)
    0x0800026c   0x00000000   Code   RO         2170    .ARM.Collect$$rtexit$$00000002  c_w.l(rtexit2.o)
    0x0800026c   0x00000004   Code   RO         2171    .ARM.Collect$$rtexit$$00000003  c_w.l(rtexit2.o)
    0x08000270   0x00000006   Code   RO         2172    .ARM.Collect$$rtexit$$00000004  c_w.l(rtexit2.o)
    0x08000276   0x00000002   PAD
    0x08000278   0x000000be   Code   RO         1328    .emb_text           port.o
    0x08000336   0x00000002   PAD
    0x08000338   0x000001c4   Code   RO            4    .text               judge.o
    0x080004fc   0x0000085a   Code   RO          152    .text               vision.o
    0x08000d56   0x00000008   Code   RO          238    .text               main.o
    0x08000d5e   0x00000014   Code   RO          305    .text               stm32f4xx_it.o
    0x08000d72   0x00000002   PAD
    0x08000d74   0x000000c4   Code   RO          320    .text               kalman.o
    0x08000e38   0x000004ec   Code   RO          335    .text               remote.o
    0x08001324   0x00000288   Code   RO          373    .text               friction.o
    0x080015ac   0x0000017c   Code   RO          403    .text               magzine.o
    0x08001728   0x00000118   Code   RO          433    .text               crc.o
    0x08001840   0x00000258   Code   RO          461    .text               kalman_filter.o
    0x08001a98   0x00000058   Code   RO          494    .text               led.o
    0x08001af0   0x00000048   Code   RO          518    .text               exti.o
    0x08001b38   0x000000d8   Code   RO          544    .text               init.o
    0x08001c10   0x0000065c   Code   RO          571    .text               can.o
    0x0800226c   0x000001c8   Code   RO          602    .text               pwm.o
    0x08002434   0x000001c4   Code   RO          626    .text               uart5.o
    0x080025f8   0x00000040   Code   RO          657    .text               laser.o
    0x08002638   0x000001b4   Code   RO          681    .text               uart4.o
    0x080027ec   0x000000e0   Code   RO          708    .text               misc.o
    0x080028cc   0x00000294   Code   RO          732    .text               stm32f4xx_gpio.o
    0x08002b60   0x00000634   Code   RO          756    .text               stm32f4xx_rcc.o
    0x08003194   0x00000ca2   Code   RO          782    .text               stm32f4xx_tim.o
    0x08003e36   0x00000002   PAD
    0x08003e38   0x00000454   Code   RO          806    .text               stm32f4xx_usart.o
    0x0800428c   0x00000040   Code   RO          830    .text               startup_stm32f40xx.o
    0x080042cc   0x00000210   Code   RO          837    .text               system_stm32f4xx.o
    0x080044dc   0x000009f0   Code   RO          864    .text               stm32f4xx_can.o
    0x08004ecc   0x000003a8   Code   RO          888    .text               stm32f4xx_dma.o
    0x08005274   0x00000298   Code   RO         1033    .text               sys.o
    0x0800550c   0x00000244   Code   RO         1060    .text               scheduler.o
    0x08005750   0x000000f8   Code   RO         1104    .text               delay.o
    0x08005848   0x00000006   Code   RO         1131    .text               usart.o
    0x0800584e   0x00000094   Code   RO         1207    .text               list.o
    0x080058e2   0x00000002   PAD
    0x080058e4   0x00000f18   Code   RO         1222    .text               queue.o
    0x080067fc   0x00001938   Code   RO         1261    .text               tasks.o
    0x08008134   0x00000698   Code   RO         1283    .text               timers.o
    0x080087cc   0x0000029c   Code   RO         1313    .text               heap_4.o
    0x08008a68   0x00000340   Code   RO         1329    .text               port.o
    0x08008da8   0x00000258   Code   RO         1361    .text               myiic.o
    0x08009000   0x00000384   Code   RO         1388    .text               mpu6050.o
    0x08009384   0x000022cc   Code   RO         1412    .text               inv_mpu.o
    0x0800b650   0x00000d90   Code   RO         1468    .text               inv_mpu_dmp_motion_driver.o
    0x0800c3e0   0x00001384   Code   RO         1531    .text               task_chassis.o
    0x0800d764   0x00002598   Code   RO         1562    .text               task_gimbal.o
    0x0800fcfc   0x00000a40   Code   RO         1617    .text               task_revolver.o
    0x0801073c   0x000000c0   Code   RO         1647    .text               arm_mat_add_f32.o
    0x080107fc   0x00000008   Code   RO         1698    .text               arm_mat_init_f32.o
    0x08010804   0x00000310   Code   RO         1722    .text               arm_mat_inverse_f32.o
    0x08010b14   0x00000144   Code   RO         1770    .text               arm_mat_mult_f32.o
    0x08010c58   0x000000c0   Code   RO         1818    .text               arm_mat_sub_f32.o
    0x08010d18   0x00000098   Code   RO         1842    .text               arm_mat_trans_f32.o
    0x08010db0   0x00000002   Code   RO         1865    .text               c_w.l(use_no_semi_2.o)
    0x08010db2   0x00000048   Code   RO         1867    .text               c_w.l(llsdiv.o)
    0x08010dfa   0x00000002   PAD
    0x08010dfc   0x00000018   Code   RO         1871    .text               c_w.l(noretval__2printf.o)
    0x08010e14   0x0000004e   Code   RO         1875    .text               c_w.l(_printf_pad.o)
    0x08010e62   0x00000002   PAD
    0x08010e64   0x00000078   Code   RO         1877    .text               c_w.l(_printf_dec.o)
    0x08010edc   0x00000058   Code   RO         1882    .text               c_w.l(_printf_hex_int.o)
    0x08010f34   0x00000138   Code   RO         1912    .text               c_w.l(__printf_flags_wp.o)
    0x0801106c   0x00000058   Code   RO         1923    .text               c_w.l(memcmp.o)
    0x080110c4   0x0000008a   Code   RO         1925    .text               c_w.l(rt_memcpy_v6.o)
    0x0801114e   0x00000064   Code   RO         1927    .text               c_w.l(rt_memcpy_w.o)
    0x080111b2   0x00000010   Code   RO         1931    .text               c_w.l(aeabi_memset.o)
    0x080111c2   0x00000044   Code   RO         1933    .text               c_w.l(rt_memclr.o)
    0x08011206   0x0000004e   Code   RO         1935    .text               c_w.l(rt_memclr_w.o)
    0x08011254   0x00000006   Code   RO         1937    .text               c_w.l(heapauxi.o)
    0x0801125a   0x00000002   Code   RO         2003    .text               c_w.l(use_no_semi.o)
    0x0801125c   0x000000ee   Code   RO         2006    .text               c_w.l(lludivv7m.o)
    0x0801134a   0x00000016   Code   RO         2008    .text               c_w.l(_rserrno.o)
    0x08011360   0x000000b2   Code   RO         2010    .text               c_w.l(_printf_intcommon.o)
    0x08011412   0x00000002   PAD
    0x08011414   0x00000024   Code   RO         2012    .text               c_w.l(_printf_char_file.o)
    0x08011438   0x00000008   Code   RO         2093    .text               c_w.l(rt_errno_addr_intlibspace.o)
    0x08011440   0x00000030   Code   RO         2095    .text               c_w.l(_printf_char_common.o)
    0x08011470   0x00000008   Code   RO         2097    .text               c_w.l(ferror.o)
    0x08011478   0x00000008   Code   RO         2101    .text               c_w.l(libspace.o)
    0x08011480   0x0000004a   Code   RO         2104    .text               c_w.l(sys_stackheap_outer.o)
    0x080114ca   0x0000000c   Code   RO         2110    .text               c_w.l(exit.o)
    0x080114d6   0x00000030   Code   RO         2066    i.__ARM_fpclassify  m_wm.l(fpclassify.o)
    0x08011506   0x00000002   PAD
    0x08011508   0x00000360   Code   RO         1965    i.__hardfp_asin     m_wm.l(asin.o)
    0x08011868   0x000002d8   Code   RO         2032    i.__hardfp_atan     m_wm.l(atan.o)
    0x08011b40   0x000001f0   Code   RO         1979    i.__hardfp_atan2    m_wm.l(atan2.o)
    0x08011d30   0x0000007a   Code   RO         1991    i.__hardfp_sqrt     m_wm.l(sqrt.o)
    0x08011daa   0x000000f8   Code   RO         2068    i.__kernel_poly     m_wm.l(poly.o)
    0x08011ea2   0x00000014   Code   RO         2047    i.__mathlib_dbl_infnan  m_wm.l(dunder.o)
    0x08011eb6   0x00000014   Code   RO         2048    i.__mathlib_dbl_infnan2  m_wm.l(dunder.o)
    0x08011eca   0x00000006   PAD
    0x08011ed0   0x00000020   Code   RO         2049    i.__mathlib_dbl_invalid  m_wm.l(dunder.o)
    0x08011ef0   0x00000020   Code   RO         2052    i.__mathlib_dbl_underflow  m_wm.l(dunder.o)
    0x08011f10   0x0000000e   Code   RO         1910    i._is_digit         c_w.l(__printf_wp.o)
    0x08011f1e   0x00000010   Code   RO         2034    i.atan              m_wm.l(atan.o)
    0x08011f2e   0x00000018   Code   RO         2062    i.fabs              m_wm.l(fabs.o)
    0x08011f46   0x0000006e   Code   RO         1993    i.sqrt              m_wm.l(sqrt.o)
    0x08011fb4   0x00000018   Code   RO         2015    x$fpl$basic         fz_wm.l(basic.o)
    0x08011fcc   0x00000062   Code   RO         1941    x$fpl$d2f           fz_wm.l(d2f.o)
    0x0801202e   0x00000002   PAD
    0x08012030   0x00000150   Code   RO         1943    x$fpl$dadd          fz_wm.l(daddsub_clz.o)
    0x08012180   0x000002b0   Code   RO         1950    x$fpl$ddiv          fz_wm.l(ddiv.o)
    0x08012430   0x0000002e   Code   RO         1956    x$fpl$dflt          fz_wm.l(dflt_clz.o)
    0x0801245e   0x00000002   PAD
    0x08012460   0x00000154   Code   RO         1961    x$fpl$dmul          fz_wm.l(dmul.o)
    0x080125b4   0x0000009c   Code   RO         2021    x$fpl$dnaninf       fz_wm.l(dnaninf.o)
    0x08012650   0x0000000c   Code   RO         2023    x$fpl$dretinf       fz_wm.l(dretinf.o)
    0x0801265c   0x00000016   Code   RO         1944    x$fpl$drsb          fz_wm.l(daddsub_clz.o)
    0x08012672   0x00000002   PAD
    0x08012674   0x00000198   Code   RO         2025    x$fpl$dsqrt         fz_wm.l(dsqrt_umaal.o)
    0x0801280c   0x000001d4   Code   RO         1945    x$fpl$dsub          fz_wm.l(daddsub_clz.o)
    0x080129e0   0x00000056   Code   RO         1963    x$fpl$f2d           fz_wm.l(f2d.o)
    0x08012a36   0x0000008c   Code   RO         2027    x$fpl$fnaninf       fz_wm.l(fnaninf.o)
    0x08012ac2   0x0000000a   Code   RO         2184    x$fpl$fpinit        fz_wm.l(fpinit.o)
    0x08012acc   0x0000000a   Code   RO         2029    x$fpl$fretinf       fz_wm.l(fretinf.o)
    0x08012ad6   0x00000000   Code   RO         2031    x$fpl$usenofp       fz_wm.l(usenofp.o)
    0x08012ad6   0x00000302   Data   RO          434    .constdata          crc.o
    0x08012dd8   0x00000050   Data   RO         1413    .constdata          inv_mpu.o
    0x08012e28   0x00000bf6   Data   RO         1470    .constdata          inv_mpu_dmp_motion_driver.o
    0x08013a1e   0x00000028   Data   RO         1883    .constdata          c_w.l(_printf_hex_int.o)
    0x08013a46   0x00000011   Data   RO         1913    .constdata          c_w.l(__printf_flags_wp.o)
    0x08013a57   0x00000001   PAD
    0x08013a58   0x00000050   Data   RO         1968    .constdata          m_wm.l(asin.o)
    0x08013aa8   0x00000098   Data   RO         2035    .constdata          m_wm.l(atan.o)
    0x08013b40   0x00000008   Data   RO         2070    .constdata          m_wm.l(qnan.o)
    0x08013b48   0x0000004d   Data   RO         1414    .conststring        inv_mpu.o
    0x08013b95   0x00000003   PAD
    0x08013b98   0x00000020   Data   RO         2241    Region$$Table       anon$$obj.o


    Execution Region RW_IRAM1 (Base: 0x20000000, Size: 0x000144c8, Max: 0x00020000, ABSOLUTE, COMPRESSED[0x000001c8])

    Base Addr    Size         Type   Attr      Idx    E Section Name        Object

    0x20000000   0x0000007f   Data   RW          154    .data               vision.o
    0x2000007f   0x00000001   PAD
    0x20000080   0x0000001c   Data   RW          337    .data               remote.o
    0x2000009c   0x0000001f   Data   RW          374    .data               friction.o
    0x200000bb   0x00000001   PAD
    0x200000bc   0x00000008   Data   RW          404    .data               magzine.o
    0x200000c4   0x00000002   Data   RW          435    .data               crc.o
    0x200000c6   0x00000002   PAD
    0x200000c8   0x00000008   Data   RW          462    .data               kalman_filter.o
    0x200000d0   0x00000008   Data   RW          519    .data               exti.o
    0x200000d8   0x0000002a   Data   RW          545    .data               init.o
    0x20000102   0x0000001a   Data   RW          573    .data               can.o
    0x2000011c   0x00000004   Data   RW          628    .data               uart5.o
    0x20000120   0x00000010   Data   RW          757    .data               stm32f4xx_rcc.o
    0x20000130   0x00000014   Data   RW          838    .data               system_stm32f4xx.o
    0x20000144   0x00000038   Data   RW         1062    .data               scheduler.o
    0x2000017c   0x00000008   Data   RW         1105    .data               delay.o
    0x20000184   0x00000004   Data   RW         1132    .data               usart.o
    0x20000188   0x0000003c   Data   RW         1263    .data               tasks.o
    0x200001c4   0x00000014   Data   RW         1285    .data               timers.o
    0x200001d8   0x00000018   Data   RW         1315    .data               heap_4.o
    0x200001f0   0x0000000c   Data   RW         1330    .data               port.o
    0x200001fc   0x00000035   Data   RW         1415    .data               inv_mpu.o
    0x20000231   0x00000003   PAD
    0x20000234   0x0000023a   Data   RW         1533    .data               task_chassis.o
    0x2000046e   0x00000002   PAD
    0x20000470   0x000005d8   Data   RW         1564    .data               task_gimbal.o
    0x20000a48   0x000000c4   Data   RW         1618    .data               task_revolver.o
    0x20000b0c   0x00000074   Zero   RW            5    .bss                judge.o
    0x20000b80   0x00000094   Zero   RW          153    .bss                vision.o
    0x20000c14   0x00000030   Zero   RW          336    .bss                remote.o
    0x20000c44   0x00000070   Zero   RW          572    .bss                can.o
    0x20000cb4   0x000000c8   Zero   RW          627    .bss                uart5.o
    0x20000d7c   0x00000064   Zero   RW          682    .bss                uart4.o
    0x20000de0   0x0000003c   Zero   RW         1061    .bss                scheduler.o
    0x20000e1c   0x00000040   Zero   RW         1223    .bss                queue.o
    0x20000e5c   0x000000c8   Zero   RW         1262    .bss                tasks.o
    0x20000f24   0x00000028   Zero   RW         1284    .bss                timers.o
    0x20000f4c   0x00012c00   Zero   RW         1314    .bss                heap_4.o
    0x20013b4c   0x00000010   Zero   RW         1469    .bss                inv_mpu_dmp_motion_driver.o
    0x20013b5c   0x00000040   Zero   RW         1532    .bss                task_chassis.o
    0x20013b9c   0x000002cc   Zero   RW         1563    .bss                task_gimbal.o
    0x20013e68   0x00000060   Zero   RW         2102    .bss                c_w.l(libspace.o)
    0x20013ec8   0x00000200   Zero   RW          828    HEAP                startup_stm32f40xx.o
    0x200140c8   0x00000400   Zero   RW          827    STACK               startup_stm32f40xx.o


==============================================================================

Image component sizes


      Code (inc. data)   RO Data    RW Data    ZI Data      Debug   Object Name

       192          0          0          0          0       1378   arm_mat_add_f32.o
         8          0          0          0          0       1011   arm_mat_init_f32.o
       784          6          0          0          0       2622   arm_mat_inverse_f32.o
       324          4          0          0          0       1607   arm_mat_mult_f32.o
       192          0          0          0          0       1378   arm_mat_sub_f32.o
       152          0          0          0          0       1288   arm_mat_trans_f32.o
      1628         82          0         26        112       4995   can.o
       280         12        770          2          0       2936   crc.o
       248         12          0          8          0       2093   delay.o
         0          0          0          0          0       9720   event_groups.o
        72          4          0          8          0       1955   exti.o
       648         28          0         31          0       4227   friction.o
       668         24          0         24      76800       3816   heap_4.o
       216         38          0         42          0       1383   init.o
      8908        224        157         53          0      23929   inv_mpu.o
      3472        142       3062          0         16      15227   inv_mpu_dmp_motion_driver.o
       452          6          0          0        116     323077   judge.o
       196          4          0          0          0       1128   kalman.o
       600         10          0          8          0      16378   kalman_filter.o
        64          8          0          0          0        545   laser.o
        88         14          0          0          0        551   led.o
       148          0          0          0          0       1994   list.o
       380         22          0          8          0       3347   magzine.o
         8          0          0          0          0        487   main.o
       224         20          0          0          0       1901   misc.o
       900         22          0          0          0       4215   mpu6050.o
       600         12          0          0          0       1920   myiic.o
      1022         52          0         12          0       9039   port.o
       456         16          0          0          0       1693   pwm.o
      3864         20          0          0         64      20736   queue.o
      1260         60          0         28         48       8393   remote.o
       580        102          0         56         60       5232   scheduler.o
        64         26        392          0       1536        872   startup_stm32f40xx.o
      2544         38          0          0          0       8052   stm32f4xx_can.o
       936         32          0          0          0       6373   stm32f4xx_dma.o
       660         44          0          0          0       4177   stm32f4xx_gpio.o
        20          0          0          0          0        995   stm32f4xx_it.o
      1588         52          0         16          0      12850   stm32f4xx_rcc.o
      3234         60          0          0          0      22380   stm32f4xx_tim.o
      1108         34          0          0          0       7876   stm32f4xx_usart.o
       664          6          0          0          0       1859   sys.o
       528         46          0         20          0       1975   system_stm32f4xx.o
      4996        202          0        570         64       9352   task_chassis.o
      9624        810          0       1496        716      19801   task_gimbal.o
      2624        156          0        196          0       9033   task_revolver.o
      6456        340          0         60        200      29439   tasks.o
      1688         68          0         20         40      20246   timers.o
       436         18          0          0        100       2189   uart4.o
       452         26          0          4        200       2243   uart5.o
         6          0          0          4          0       2524   usart.o
      2138        150          0        127        148      19362   vision.o

    ----------------------------------------------------------------------
     68408       3052       4416       2828      80220     661799   Object Totals
         0          0         32          0          0          0   (incl. Generated)
         8          0          3          9          0          0   (incl. Padding)

    ----------------------------------------------------------------------

      Code (inc. data)   RO Data    RW Data    ZI Data      Debug   Library Member Name

        90          0          0          0          0          0   __dczerorl2.o
         8          0          0          0          0         68   __main.o
       312          4         17          0          0         92   __printf_flags_wp.o
        14          0          0          0          0         68   __printf_wp.o
         0          0          0          0          0          0   __rtentry.o
        12          0          0          0          0          0   __rtentry2.o
         6          0          0          0          0          0   __rtentry4.o
        52          8          0          0          0          0   __scatter.o
        28          0          0          0          0          0   __scatter_zi.o
        48          6          0          0          0         96   _printf_char_common.o
        36          4          0          0          0         80   _printf_char_file.o
         6          0          0          0          0          0   _printf_d.o
       120         16          0          0          0         92   _printf_dec.o
        88          4         40          0          0         88   _printf_hex_int.o
       178          0          0          0          0         88   _printf_intcommon.o
        78          0          0          0          0        108   _printf_pad.o
         0          0          0          0          0          0   _printf_percent.o
         4          0          0          0          0          0   _printf_percent_end.o
         6          0          0          0          0          0   _printf_x.o
        22          0          0          0          0        100   _rserrno.o
        16          0          0          0          0         68   aeabi_memset.o
        12          0          0          0          0         72   exit.o
         8          0          0          0          0         68   ferror.o
         6          0          0          0          0        152   heapauxi.o
         2          0          0          0          0          0   libinit.o
         6          0          0          0          0          0   libinit2.o
         2          0          0          0          0          0   libshutdown.o
         2          0          0          0          0          0   libshutdown2.o
         8          4          0          0         96         68   libspace.o
        72          0          0          0          0         76   llsdiv.o
       238          0          0          0          0        100   lludivv7m.o
        88          0          0          0          0         76   memcmp.o
        24          4          0          0          0         84   noretval__2printf.o
         8          4          0          0          0         68   rt_errno_addr_intlibspace.o
        68          0          0          0          0         68   rt_memclr.o
        78          0          0          0          0         80   rt_memclr_w.o
       138          0          0          0          0         68   rt_memcpy_v6.o
       100          0          0          0          0         80   rt_memcpy_w.o
         2          0          0          0          0          0   rtexit.o
        10          0          0          0          0          0   rtexit2.o
        74          0          0          0          0         80   sys_stackheap_outer.o
         2          0          0          0          0         68   use_no_semi.o
         2          0          0          0          0         68   use_no_semi_2.o
        24          0          0          0          0        164   basic.o
        98          4          0          0          0        140   d2f.o
       826         16          0          0          0        492   daddsub_clz.o
       688        140          0          0          0        256   ddiv.o
        46          0          0          0          0        116   dflt_clz.o
       340         12          0          0          0        152   dmul.o
       156          4          0          0          0        140   dnaninf.o
        12          0          0          0          0        116   dretinf.o
       408         56          0          0          0        168   dsqrt_umaal.o
        86          4          0          0          0        132   f2d.o
       140          4          0          0          0        132   fnaninf.o
        10          0          0          0          0        116   fpinit.o
        10          0          0          0          0        116   fretinf.o
         0          0          0          0          0          0   usenofp.o
       864         94         80          0          0        280   asin.o
       744        106        152          0          0        352   atan.o
       496         64          0          0          0        192   atan2.o
       104         16          0          0          0        496   dunder.o
        24          0          0          0          0        124   fabs.o
        48          0          0          0          0        124   fpclassify.o
       248          0          0          0          0        152   poly.o
         0          0          8          0          0          0   qnan.o
       232          0          0          0          0        296   sqrt.o

    ----------------------------------------------------------------------
      7702        574        298          0         96       6480   Library Totals
        24          0          1          0          0          0   (incl. Padding)

    ----------------------------------------------------------------------

      Code (inc. data)   RO Data    RW Data    ZI Data      Debug   Library Name

      2074         54         57          0         96       2224   c_w.l
      2844        240          0          0          0       2240   fz_wm.l
      2760        280        240          0          0       2016   m_wm.l

    ----------------------------------------------------------------------
      7702        574        298          0         96       6480   Library Totals

    ----------------------------------------------------------------------

==============================================================================


      Code (inc. data)   RO Data    RW Data    ZI Data      Debug   

     76110       3626       4714       2828      80316     652783   Grand Totals
     76110       3626       4714        456      80316     652783   ELF Image Totals (compressed)
     76110       3626       4714        456          0          0   ROM Totals

==============================================================================

    Total RO  Size (Code + RO Data)                80824 (  78.93kB)
    Total RW  Size (RW Data + ZI Data)             83144 (  81.20kB)
    Total ROM Size (Code + RO Data + RW Data)      81280 (  79.38kB)

==============================================================================

